18:17:36 **** Build of project sw_bsp ****
make -k all 
Running Make include in ps7_cortexa9_0/libsrc/scutimer_v2_0/src
make -C ps7_cortexa9_0/libsrc/scutimer_v2_0/src -s include  "SHELL=/bin/sh" "COMPILER=arm-xilinx-eabi-gcc" "ARCHIVER=arm-xilinx-eabi-ar" "COMPILER_FLAGS=  -O2 -c" "EXTRA_COMPILER_FLAGS=-g"
Running Make include in ps7_cortexa9_0/libsrc/ttcps_v2_0/src
make -C ps7_cortexa9_0/libsrc/ttcps_v2_0/src -s include  "SHELL=/bin/sh" "COMPILER=arm-xilinx-eabi-gcc" "ARCHIVER=arm-xilinx-eabi-ar" "COMPILER_FLAGS=  -O2 -c" "EXTRA_COMPILER_FLAGS=-g"
Running Make include in ps7_cortexa9_0/libsrc/sdps_v2_3/src
make -C ps7_cortexa9_0/libsrc/sdps_v2_3/src -s include  "SHELL=/bin/sh" "COMPILER=arm-xilinx-eabi-gcc" "ARCHIVER=arm-xilinx-eabi-ar" "COMPILER_FLAGS=  -O2 -c" "EXTRA_COMPILER_FLAGS=-g"
Running Make include in ps7_cortexa9_0/libsrc/scuwdt_v2_0/src
make -C ps7_cortexa9_0/libsrc/scuwdt_v2_0/src -s include  "SHELL=/bin/sh" "COMPILER=arm-xilinx-eabi-gcc" "ARCHIVER=arm-xilinx-eabi-ar" "COMPILER_FLAGS=  -O2 -c" "EXTRA_COMPILER_FLAGS=-g"
Running Make include in ps7_cortexa9_0/libsrc/devcfg_v3_2/src
make -C ps7_cortexa9_0/libsrc/devcfg_v3_2/src -s include  "SHELL=/bin/sh" "COMPILER=arm-xilinx-eabi-gcc" "ARCHIVER=arm-xilinx-eabi-ar" "COMPILER_FLAGS=  -O2 -c" "EXTRA_COMPILER_FLAGS=-g"
Running Make include in ps7_cortexa9_0/libsrc/uartps_v2_2/src
make -C ps7_cortexa9_0/libsrc/uartps_v2_2/src -s include  "SHELL=/bin/sh" "COMPILER=arm-xilinx-eabi-gcc" "ARCHIVER=arm-xilinx-eabi-ar" "COMPILER_FLAGS=  -O2 -c" "EXTRA_COMPILER_FLAGS=-g"
Running Make include in ps7_cortexa9_0/libsrc/scugic_v2_1/src
make -C ps7_cortexa9_0/libsrc/scugic_v2_1/src -s include  "SHELL=/bin/sh" "COMPILER=arm-xilinx-eabi-gcc" "ARCHIVER=arm-xilinx-eabi-ar" "COMPILER_FLAGS=  -O2 -c" "EXTRA_COMPILER_FLAGS=-g"
Running Make include in ps7_cortexa9_0/libsrc/qspips_v3_1/src
make -C ps7_cortexa9_0/libsrc/qspips_v3_1/src -s include  "SHELL=/bin/sh" "COMPILER=arm-xilinx-eabi-gcc" "ARCHIVER=arm-xilinx-eabi-ar" "COMPILER_FLAGS=  -O2 -c" "EXTRA_COMPILER_FLAGS=-g"
Running Make include in ps7_cortexa9_0/libsrc/dmaps_v2_1/src
make -C ps7_cortexa9_0/libsrc/dmaps_v2_1/src -s include  "SHELL=/bin/sh" "COMPILER=arm-xilinx-eabi-gcc" "ARCHIVER=arm-xilinx-eabi-ar" "COMPILER_FLAGS=  -O2 -c" "EXTRA_COMPILER_FLAGS=-g"
Running Make include in ps7_cortexa9_0/libsrc/standalone_v4_2/src
make -C ps7_cortexa9_0/libsrc/standalone_v4_2/src -s include  "SHELL=/bin/sh" "COMPILER=arm-xilinx-eabi-gcc" "ARCHIVER=arm-xilinx-eabi-ar" "COMPILER_FLAGS=  -O2 -c" "EXTRA_COMPILER_FLAGS=-g"
Running Make include in ps7_cortexa9_0/libsrc/myip_v1_0/src
make -C ps7_cortexa9_0/libsrc/myip_v1_0/src -s include  "SHELL=/bin/sh" "COMPILER=arm-xilinx-eabi-gcc" "ARCHIVER=arm-xilinx-eabi-ar" "COMPILER_FLAGS=  -O2 -c" "EXTRA_COMPILER_FLAGS=-g"
Running Make include in ps7_cortexa9_0/libsrc/usbps_v2_2/src
make -C ps7_cortexa9_0/libsrc/usbps_v2_2/src -s include  "SHELL=/bin/sh" "COMPILER=arm-xilinx-eabi-gcc" "ARCHIVER=arm-xilinx-eabi-ar" "COMPILER_FLAGS=  -O2 -c" "EXTRA_COMPILER_FLAGS=-g"
Running Make include in ps7_cortexa9_0/libsrc/bram_v4_0/src
make -C ps7_cortexa9_0/libsrc/bram_v4_0/src -s include  "SHELL=/bin/sh" "COMPILER=arm-xilinx-eabi-gcc" "ARCHIVER=arm-xilinx-eabi-ar" "COMPILER_FLAGS=  -O2 -c" "EXTRA_COMPILER_FLAGS=-g"
Running Make include in ps7_cortexa9_0/libsrc/gpiops_v2_2/src
make -C ps7_cortexa9_0/libsrc/gpiops_v2_2/src -s include  "SHELL=/bin/sh" "COMPILER=arm-xilinx-eabi-gcc" "ARCHIVER=arm-xilinx-eabi-ar" "COMPILER_FLAGS=  -O2 -c" "EXTRA_COMPILER_FLAGS=-g"
Running Make include in ps7_cortexa9_0/libsrc/emacps_v2_2/src
make -C ps7_cortexa9_0/libsrc/emacps_v2_2/src -s include  "SHELL=/bin/sh" "COMPILER=arm-xilinx-eabi-gcc" "ARCHIVER=arm-xilinx-eabi-ar" "COMPILER_FLAGS=  -O2 -c" "EXTRA_COMPILER_FLAGS=-g"
Running Make include in ps7_cortexa9_0/libsrc/xadcps_v2_1/src
make -C ps7_cortexa9_0/libsrc/xadcps_v2_1/src -s include  "SHELL=/bin/sh" "COMPILER=arm-xilinx-eabi-gcc" "ARCHIVER=arm-xilinx-eabi-ar" "COMPILER_FLAGS=  -O2 -c" "EXTRA_COMPILER_FLAGS=-g"
Running Make include in ps7_cortexa9_0/libsrc/cpu_cortexa9_v2_1/src
make -C ps7_cortexa9_0/libsrc/cpu_cortexa9_v2_1/src -s include  "SHELL=/bin/sh" "COMPILER=arm-xilinx-eabi-gcc" "ARCHIVER=arm-xilinx-eabi-ar" "COMPILER_FLAGS=  -O2 -c" "EXTRA_COMPILER_FLAGS=-g"
Running Make libs in ps7_cortexa9_0/libsrc/scutimer_v2_0/src
make -C ps7_cortexa9_0/libsrc/scutimer_v2_0/src -s libs  "SHELL=/bin/sh" "COMPILER=arm-xilinx-eabi-gcc" "ARCHIVER=arm-xilinx-eabi-ar" "COMPILER_FLAGS=  -O2 -c" "EXTRA_COMPILER_FLAGS=-g"
Compiling scutimer
arm-xilinx-eabi-ar: creating ../../../lib/libxil.a
Running Make libs in ps7_cortexa9_0/libsrc/ttcps_v2_0/src
make -C ps7_cortexa9_0/libsrc/ttcps_v2_0/src -s libs  "SHELL=/bin/sh" "COMPILER=arm-xilinx-eabi-gcc" "ARCHIVER=arm-xilinx-eabi-ar" "COMPILER_FLAGS=  -O2 -c" "EXTRA_COMPILER_FLAGS=-g"
Compiling ttcps
Running Make libs in ps7_cortexa9_0/libsrc/sdps_v2_3/src
make -C ps7_cortexa9_0/libsrc/sdps_v2_3/src -s libs  "SHELL=/bin/sh" "COMPILER=arm-xilinx-eabi-gcc" "ARCHIVER=arm-xilinx-eabi-ar" "COMPILER_FLAGS=  -O2 -c" "EXTRA_COMPILER_FLAGS=-g"
Compiling sdps
Running Make libs in ps7_cortexa9_0/libsrc/scuwdt_v2_0/src
make -C ps7_cortexa9_0/libsrc/scuwdt_v2_0/src -s libs  "SHELL=/bin/sh" "COMPILER=arm-xilinx-eabi-gcc" "ARCHIVER=arm-xilinx-eabi-ar" "COMPILER_FLAGS=  -O2 -c" "EXTRA_COMPILER_FLAGS=-g"
Compiling scuwdt
Running Make libs in ps7_cortexa9_0/libsrc/devcfg_v3_2/src
make -C ps7_cortexa9_0/libsrc/devcfg_v3_2/src -s libs  "SHELL=/bin/sh" "COMPILER=arm-xilinx-eabi-gcc" "ARCHIVER=arm-xilinx-eabi-ar" "COMPILER_FLAGS=  -O2 -c" "EXTRA_COMPILER_FLAGS=-g"
Compiling devcfg
Running Make libs in ps7_cortexa9_0/libsrc/uartps_v2_2/src
make -C ps7_cortexa9_0/libsrc/uartps_v2_2/src -s libs  "SHELL=/bin/sh" "COMPILER=arm-xilinx-eabi-gcc" "ARCHIVER=arm-xilinx-eabi-ar" "COMPILER_FLAGS=  -O2 -c" "EXTRA_COMPILER_FLAGS=-g"
Compiling uartps
Running Make libs in ps7_cortexa9_0/libsrc/scugic_v2_1/src
make -C ps7_cortexa9_0/libsrc/scugic_v2_1/src -s libs  "SHELL=/bin/sh" "COMPILER=arm-xilinx-eabi-gcc" "ARCHIVER=arm-xilinx-eabi-ar" "COMPILER_FLAGS=  -O2 -c" "EXTRA_COMPILER_FLAGS=-g"
Compiling scugic
Running Make libs in ps7_cortexa9_0/libsrc/qspips_v3_1/src
make -C ps7_cortexa9_0/libsrc/qspips_v3_1/src -s libs  "SHELL=/bin/sh" "COMPILER=arm-xilinx-eabi-gcc" "ARCHIVER=arm-xilinx-eabi-ar" "COMPILER_FLAGS=  -O2 -c" "EXTRA_COMPILER_FLAGS=-g"
Compiling qspips
Running Make libs in ps7_cortexa9_0/libsrc/dmaps_v2_1/src
make -C ps7_cortexa9_0/libsrc/dmaps_v2_1/src -s libs  "SHELL=/bin/sh" "COMPILER=arm-xilinx-eabi-gcc" "ARCHIVER=arm-xilinx-eabi-ar" "COMPILER_FLAGS=  -O2 -c" "EXTRA_COMPILER_FLAGS=-g"
Compiling dmaps
Running Make libs in ps7_cortexa9_0/libsrc/standalone_v4_2/src
make -C ps7_cortexa9_0/libsrc/standalone_v4_2/src -s libs  "SHELL=/bin/sh" "COMPILER=arm-xilinx-eabi-gcc" "ARCHIVER=arm-xilinx-eabi-ar" "COMPILER_FLAGS=  -O2 -c" "EXTRA_COMPILER_FLAGS=-g"
Compiling standalone
Running Make libs in ps7_cortexa9_0/libsrc/myip_v1_0/src
make -C ps7_cortexa9_0/libsrc/myip_v1_0/src -s libs  "SHELL=/bin/sh" "COMPILER=arm-xilinx-eabi-gcc" "ARCHIVER=arm-xilinx-eabi-ar" "COMPILER_FLAGS=  -O2 -c" "EXTRA_COMPILER_FLAGS=-g"
Compiling myip...
Running Make libs in ps7_cortexa9_0/libsrc/usbps_v2_2/src
make -C ps7_cortexa9_0/libsrc/usbps_v2_2/src -s libs  "SHELL=/bin/sh" "COMPILER=arm-xilinx-eabi-gcc" "ARCHIVER=arm-xilinx-eabi-ar" "COMPILER_FLAGS=  -O2 -c" "EXTRA_COMPILER_FLAGS=-g"
Compiling usbps
Running Make libs in ps7_cortexa9_0/libsrc/bram_v4_0/src
make -C ps7_cortexa9_0/libsrc/bram_v4_0/src -s libs  "SHELL=/bin/sh" "COMPILER=arm-xilinx-eabi-gcc" "ARCHIVER=arm-xilinx-eabi-ar" "COMPILER_FLAGS=  -O2 -c" "EXTRA_COMPILER_FLAGS=-g"
Compiling bram
Running Make libs in ps7_cortexa9_0/libsrc/gpiops_v2_2/src
make -C ps7_cortexa9_0/libsrc/gpiops_v2_2/src -s libs  "SHELL=/bin/sh" "COMPILER=arm-xilinx-eabi-gcc" "ARCHIVER=arm-xilinx-eabi-ar" "COMPILER_FLAGS=  -O2 -c" "EXTRA_COMPILER_FLAGS=-g"
Compiling gpiops
Running Make libs in ps7_cortexa9_0/libsrc/emacps_v2_2/src
make -C ps7_cortexa9_0/libsrc/emacps_v2_2/src -s libs  "SHELL=/bin/sh" "COMPILER=arm-xilinx-eabi-gcc" "ARCHIVER=arm-xilinx-eabi-ar" "COMPILER_FLAGS=  -O2 -c" "EXTRA_COMPILER_FLAGS=-g"
Compiling emacps
Running Make libs in ps7_cortexa9_0/libsrc/xadcps_v2_1/src
make -C ps7_cortexa9_0/libsrc/xadcps_v2_1/src -s libs  "SHELL=/bin/sh" "COMPILER=arm-xilinx-eabi-gcc" "ARCHIVER=arm-xilinx-eabi-ar" "COMPILER_FLAGS=  -O2 -c" "EXTRA_COMPILER_FLAGS=-g"
Compiling xadcps
Running Make libs in ps7_cortexa9_0/libsrc/cpu_cortexa9_v2_1/src
make -C ps7_cortexa9_0/libsrc/cpu_cortexa9_v2_1/src -s libs  "SHELL=/bin/sh" "COMPILER=arm-xilinx-eabi-gcc" "ARCHIVER=arm-xilinx-eabi-ar" "COMPILER_FLAGS=  -O2 -c" "EXTRA_COMPILER_FLAGS=-g"
Compiling cpu_cortexa9
Finished building libraries
18:18:13 **** Build of configuration Debug for project sw ****
make all 
Building file: ../src/helloworld.c
Invoking: ARM gcc compiler
arm-xilinx-eabi-gcc -Wall -O0 -g3 -c -fmessage-length=0 -MT"src/helloworld.o" -I../../sw_bsp/ps7_cortexa9_0/include -MMD -MP -MF"src/helloworld.d" -MT"src/helloworld.d" -o "src/helloworld.o" "../src/helloworld.c"
Finished building: ../src/helloworld.c
 
Building file: ../src/platform.c
Invoking: ARM gcc compiler
arm-xilinx-eabi-gcc -Wall -O0 -g3 -c -fmessage-length=0 -MT"src/platform.o" -I../../sw_bsp/ps7_cortexa9_0/include -MMD -MP -MF"src/platform.d" -MT"src/platform.d" -o "src/platform.o" "../src/platform.c"
Finished building: ../src/platform.c
 
Building target: sw.elf
Invoking: ARM gcc linker
arm-xilinx-eabi-gcc -Wl,-T -Wl,../src/lscript.ld -L../../sw_bsp/ps7_cortexa9_0/lib -o "sw.elf"  ./src/helloworld.o ./src/platform.o   -Wl,--start-group,-lxil,-lgcc,-lc,--end-group
Finished building target: sw.elf
 
Invoking: ARM Print Size
arm-xilinx-eabi-size sw.elf  |tee "sw.elf.size"
   text	   data	    bss	    dec	    hex	filename
  22920	   1152	  22564	  46636	   b62c	sw.elf
Finished building: sw.elf.size
 
18:21:05 **** Auto Build of configuration Debug for project sw ****
make all 
Building file: ../src/helloworld.c
Invoking: ARM gcc compiler
arm-xilinx-eabi-gcc -Wall -O0 -g3 -c -fmessage-length=0 -MT"src/helloworld.o" -I../../sw_bsp/ps7_cortexa9_0/include -MMD -MP -MF"src/helloworld.d" -MT"src/helloworld.d" -o "src/helloworld.o" "../src/helloworld.c"
../src/helloworld.c: In function 'main':
../src/helloworld.c:59:11: warning: unused variable 'B' [-Wunused-variable]
     float B[1024];
           ^
../src/helloworld.c:58:11: warning: unused variable 'A' [-Wunused-variable]
     float A[1024];
           ^
Finished building: ../src/helloworld.c
 
Building target: sw.elf
Invoking: ARM gcc linker
arm-xilinx-eabi-gcc -Wl,-T -Wl,../src/lscript.ld -L../../sw_bsp/ps7_cortexa9_0/lib -o "sw.elf"  ./src/helloworld.o ./src/platform.o   -Wl,--start-group,-lxil,-lgcc,-lc,--end-group
Finished building target: sw.elf
 
Invoking: ARM Print Size
arm-xilinx-eabi-size sw.elf  |tee "sw.elf.size"
   text	   data	    bss	    dec	    hex	filename
  22928	   1152	  22564	  46644	   b634	sw.elf
Finished building: sw.elf.size
 
08:57:02 **** Clean-only build of configuration Debug for project sw ****
make clean 
rm -rf  ./src/helloworld.o ./src/platform.o  ./src/helloworld.d ./src/platform.d  sw.elf.size  sw.elf
 
08:57:02 **** Auto Build of configuration Debug for project sw ****
make all 
Building file: ../src/helloworld.c
Invoking: ARM gcc compiler
arm-xilinx-eabi-gcc -Wall -O0 -g3 -c -fmessage-length=0 -MT"src/helloworld.o" -I../../sw_bsp/ps7_cortexa9_0/include -MMD -MP -MF"src/helloworld.d" -MT"src/helloworld.d" -o "src/helloworld.o" "../src/helloworld.c"
../src/helloworld.c: In function 'main':
../src/helloworld.c:59:11: warning: unused variable 'B' [-Wunused-variable]
     float B[1024];
           ^
../src/helloworld.c:58:11: warning: unused variable 'A' [-Wunused-variable]
     float A[1024];
           ^
Finished building: ../src/helloworld.c
 
Building file: ../src/platform.c
Invoking: ARM gcc compiler
arm-xilinx-eabi-gcc -Wall -O0 -g3 -c -fmessage-length=0 -MT"src/platform.o" -I../../sw_bsp/ps7_cortexa9_0/include -MMD -MP -MF"src/platform.d" -MT"src/platform.d" -o "src/platform.o" "../src/platform.c"
Finished building: ../src/platform.c
 
Building file: ../src/time_utils.c
Invoking: ARM gcc compiler
arm-xilinx-eabi-gcc -Wall -O0 -g3 -c -fmessage-length=0 -MT"src/time_utils.o" -I../../sw_bsp/ps7_cortexa9_0/include -MMD -MP -MF"src/time_utils.d" -MT"src/time_utils.d" -o "src/time_utils.o" "../src/time_utils.c"
Finished building: ../src/time_utils.c
 
Building target: sw.elf
Invoking: ARM gcc linker
arm-xilinx-eabi-gcc -Wl,-T -Wl,../src/lscript.ld -L../../sw_bsp/ps7_cortexa9_0/lib -o "sw.elf"  ./src/helloworld.o ./src/platform.o ./src/time_utils.o   -Wl,--start-group,-lxil,-lgcc,-lc,--end-group
Finished building target: sw.elf
 
Invoking: ARM Print Size
arm-xilinx-eabi-size sw.elf  |tee "sw.elf.size"
   text	   data	    bss	    dec	    hex	filename
  25596	   1152	  22556	  49304	   c098	sw.elf
Finished building: sw.elf.size
 
09:04:36 **** Auto Build of configuration Debug for project sw ****
make all 
Building file: ../src/helloworld.c
Invoking: ARM gcc compiler
arm-xilinx-eabi-gcc -Wall -O0 -g3 -c -fmessage-length=0 -MT"src/helloworld.o" -I../../sw_bsp/ps7_cortexa9_0/include -MMD -MP -MF"src/helloworld.d" -MT"src/helloworld.d" -o "src/helloworld.o" "../src/helloworld.c"
../src/helloworld.c: In function 'main':
../src/helloworld.c:60:31: error: expected '=', ',', ';', 'asm' or '__attribute__' before numeric constant
     unsigned long time1, time 2;
                               ^
../src/helloworld.c:69:5: warning: implicit declaration of function 'getElapsedRuntimeUS' [-Wimplicit-function-declaration]
     time1 = getElapsedRuntimeUS();
     ^
../src/helloworld.c:76:5: error: 'time2' undeclared (first use in this function)
     time2 =  getElapsedRuntimeUS();
     ^
../src/helloworld.c:76:5: note: each undeclared identifier is reported only once for each function it appears in
../src/helloworld.c:77:5: warning: format '%u' expects a matching 'unsigned int' argument [-Wformat=]
     printf("Needed time: %ul\n\r");
     ^
../src/helloworld.c:77:5: warning: format '%u' expects a matching 'unsigned int' argument [-Wformat=]
../src/helloworld.c:60:19: warning: variable 'time1' set but not used [-Wunused-but-set-variable]
     unsigned long time1, time 2;
                   ^
src/subdir.mk:27: recipe for target 'src/helloworld.o' failed
make: *** [src/helloworld.o] Error 1
09:04:59 **** Auto Build of configuration Debug for project sw ****
make all 
Building file: ../src/helloworld.c
Invoking: ARM gcc compiler
arm-xilinx-eabi-gcc -Wall -O0 -g3 -c -fmessage-length=0 -MT"src/helloworld.o" -I../../sw_bsp/ps7_cortexa9_0/include -MMD -MP -MF"src/helloworld.d" -MT"src/helloworld.d" -o "src/helloworld.o" "../src/helloworld.c"
../src/helloworld.c: In function 'main':
../src/helloworld.c:61:31: error: expected '=', ',', ';', 'asm' or '__attribute__' before numeric constant
     unsigned long time1, time 2;
                               ^
../src/helloworld.c:77:5: error: 'time2' undeclared (first use in this function)
     time2 =  getElapsedRuntimeUS();
     ^
../src/helloworld.c:77:5: note: each undeclared identifier is reported only once for each function it appears in
../src/helloworld.c:78:5: warning: format '%u' expects a matching 'unsigned int' argument [-Wformat=]
     printf("Needed time: %ul\n\r");
     ^
src/subdir.mk:27: recipe for target 'src/helloworld.o' failed
../src/helloworld.c:78:5: warning: format '%u' expects a matching 'unsigned int' argument [-Wformat=]
../src/helloworld.c:61:19: warning: variable 'time1' set but not used [-Wunused-but-set-variable]
     unsigned long time1, time 2;
                   ^
make: *** [src/helloworld.o] Error 1
09:05:08 **** Auto Build of configuration Debug for project sw ****
make all 
Building file: ../src/helloworld.c
Invoking: ARM gcc compiler
arm-xilinx-eabi-gcc -Wall -O0 -g3 -c -fmessage-length=0 -MT"src/helloworld.o" -I../../sw_bsp/ps7_cortexa9_0/include -MMD -MP -MF"src/helloworld.d" -MT"src/helloworld.d" -o "src/helloworld.o" "../src/helloworld.c"
../src/helloworld.c: In function 'main':
../src/helloworld.c:78:5: warning: format '%u' expects a matching 'unsigned int' argument [-Wformat=]
     printf("Needed time: %ul\n\r");
     ^
../src/helloworld.c:78:5: warning: format '%u' expects a matching 'unsigned int' argument [-Wformat=]
../src/helloworld.c:61:26: warning: variable 'time2' set but not used [-Wunused-but-set-variable]
     unsigned long time1, time2;
                          ^
../src/helloworld.c:61:19: warning: variable 'time1' set but not used [-Wunused-but-set-variable]
     unsigned long time1, time2;
                   ^
Finished building: ../src/helloworld.c
 
Building target: sw.elf
Invoking: ARM gcc linker
arm-xilinx-eabi-gcc -Wl,-T -Wl,../src/lscript.ld -L../../sw_bsp/ps7_cortexa9_0/lib -o "sw.elf"  ./src/helloworld.o ./src/platform.o ./src/time_utils.o   -Wl,--start-group,-lxil,-lgcc,-lc,--end-group
Finished building target: sw.elf
 
Invoking: ARM Print Size
arm-xilinx-eabi-size sw.elf  |tee "sw.elf.size"
   text	   data	    bss	    dec	    hex	filename
  62332	   2320	  22636	  87288	  154f8	sw.elf
Finished building: sw.elf.size
 
09:05:19 **** Auto Build of configuration Debug for project sw ****
make all 
Building file: ../src/helloworld.c
Invoking: ARM gcc compiler
arm-xilinx-eabi-gcc -Wall -O0 -g3 -c -fmessage-length=0 -MT"src/helloworld.o" -I../../sw_bsp/ps7_cortexa9_0/include -MMD -MP -MF"src/helloworld.d" -MT"src/helloworld.d" -o "src/helloworld.o" "../src/helloworld.c"
../src/helloworld.c: In function 'main':
../src/helloworld.c:78:5: warning: format '%u' expects argument of type 'unsigned int', but argument 2 has type 'long unsigned int' [-Wformat=]
     printf("Needed time: %ul\n\r", time2-time1);
     ^
../src/helloworld.c:78:5: warning: format '%u' expects argument of type 'unsigned int', but argument 2 has type 'long unsigned int' [-Wformat=]
Finished building: ../src/helloworld.c
 
Building target: sw.elf
Invoking: ARM gcc linker
arm-xilinx-eabi-gcc -Wl,-T -Wl,../src/lscript.ld -L../../sw_bsp/ps7_cortexa9_0/lib -o "sw.elf"  ./src/helloworld.o ./src/platform.o ./src/time_utils.o   -Wl,--start-group,-lxil,-lgcc,-lc,--end-group
Finished building target: sw.elf
 
Invoking: ARM Print Size
arm-xilinx-eabi-size sw.elf  |tee "sw.elf.size"
   text	   data	    bss	    dec	    hex	filename
  62396	   2320	  22636	  87352	  15538	sw.elf
Finished building: sw.elf.size
 
09:05:41 **** Auto Build of configuration Debug for project sw ****
make all 
Building file: ../src/helloworld.c
Invoking: ARM gcc compiler
arm-xilinx-eabi-gcc -Wall -O0 -g3 -c -fmessage-length=0 -MT"src/helloworld.o" -I../../sw_bsp/ps7_cortexa9_0/include -MMD -MP -MF"src/helloworld.d" -MT"src/helloworld.d" -o "src/helloworld.o" "../src/helloworld.c"
../src/helloworld.c: In function 'main':
../src/helloworld.c:78:5: warning: unknown conversion type character 0xa in format [-Wformat=]
     printf("Needed time: %l\n\r", time2-time1);
     ^
../src/helloworld.c:78:5: warning: too many arguments for format [-Wformat-extra-args]
../src/helloworld.c:78:5: warning: unknown conversion type character 0xa in format [-Wformat=]
../src/helloworld.c:78:5: warning: too many arguments for format [-Wformat-extra-args]
Finished building: ../src/helloworld.c
 
Building target: sw.elf
Invoking: ARM gcc linker
arm-xilinx-eabi-gcc -Wl,-T -Wl,../src/lscript.ld -L../../sw_bsp/ps7_cortexa9_0/lib -o "sw.elf"  ./src/helloworld.o ./src/platform.o ./src/time_utils.o   -Wl,--start-group,-lxil,-lgcc,-lc,--end-group
Finished building target: sw.elf
 
Invoking: ARM Print Size
arm-xilinx-eabi-size sw.elf  |tee "sw.elf.size"
   text	   data	    bss	    dec	    hex	filename
  62396	   2320	  22636	  87352	  15538	sw.elf
Finished building: sw.elf.size
 
09:05:57 **** Auto Build of configuration Debug for project sw ****
make all 
Building file: ../src/helloworld.c
Invoking: ARM gcc compiler
arm-xilinx-eabi-gcc -Wall -O0 -g3 -c -fmessage-length=0 -MT"src/helloworld.o" -I../../sw_bsp/ps7_cortexa9_0/include -MMD -MP -MF"src/helloworld.d" -MT"src/helloworld.d" -o "src/helloworld.o" "../src/helloworld.c"
Finished building: ../src/helloworld.c
 
Building target: sw.elf
Invoking: ARM gcc linker
arm-xilinx-eabi-gcc -Wl,-T -Wl,../src/lscript.ld -L../../sw_bsp/ps7_cortexa9_0/lib -o "sw.elf"  ./src/helloworld.o ./src/platform.o ./src/time_utils.o   -Wl,--start-group,-lxil,-lgcc,-lc,--end-group
Finished building target: sw.elf
 
Invoking: ARM Print Size
arm-xilinx-eabi-size sw.elf  |tee "sw.elf.size"
   text	   data	    bss	    dec	    hex	filename
  62396	   2320	  22636	  87352	  15538	sw.elf
Finished building: sw.elf.size
 
09:07:11 **** Incremental Build of configuration Debug for project sw ****
make all 
make: Nothing to be done for 'all'.
09:07:32 **** Incremental Build of configuration Debug for project sw ****
make all 
make: Nothing to be done for 'all'.
09:07:56 **** Incremental Build of configuration Debug for project sw ****
make all 
make: Nothing to be done for 'all'.
09:17:28 **** Auto Build of configuration Debug for project sw ****
make all 
Building file: ../src/helloworld.c
Invoking: ARM gcc compiler
arm-xilinx-eabi-gcc -Wall -O0 -g3 -c -fmessage-length=0 -MT"src/helloworld.o" -I../../sw_bsp/ps7_cortexa9_0/include -MMD -MP -MF"src/helloworld.d" -MT"src/helloworld.d" -o "src/helloworld.o" "../src/helloworld.c"
../src/helloworld.c: In function 'main':
../src/helloworld.c:80:6: warning: implicit declaration of function 'xil_printf' [-Wimplicit-function-declaration]
      xil_printf("Needed time: %lu\n\r", time2-time1);
      ^
../src/helloworld.c:81:6: warning: implicit declaration of function 'usleep' [-Wimplicit-function-declaration]
      usleep(1000);
      ^
Finished building: ../src/helloworld.c
 
Building target: sw.elf
Invoking: ARM gcc linker
arm-xilinx-eabi-gcc -Wl,-T -Wl,../src/lscript.ld -L../../sw_bsp/ps7_cortexa9_0/lib -o "sw.elf"  ./src/helloworld.o ./src/platform.o ./src/time_utils.o   -Wl,--start-group,-lxil,-lgcc,-lc,--end-group
Finished building target: sw.elf
 
Invoking: ARM Print Size
arm-xilinx-eabi-size sw.elf  |tee "sw.elf.size"
   text	   data	    bss	    dec	    hex	filename
  28220	   1152	  22556	  51928	   cad8	sw.elf
Finished building: sw.elf.size
 
09:17:59 **** Incremental Build of configuration Debug for project sw ****
make all 
make: Nothing to be done for 'all'.
09:18:29 **** Incremental Build of configuration Debug for project sw ****
make all 
make: Nothing to be done for 'all'.
09:19:42 **** Incremental Build of configuration Debug for project sw ****
make all 
make: Nothing to be done for 'all'.
09:28:32 **** Auto Build of project sw_bsp ****
make -k all 
Running Make include in ps7_cortexa9_0/libsrc/scutimer_v2_0/src
make -C ps7_cortexa9_0/libsrc/scutimer_v2_0/src -s include  "SHELL=/bin/sh" "COMPILER=arm-xilinx-eabi-gcc" "ARCHIVER=arm-xilinx-eabi-ar" "COMPILER_FLAGS=  -O2 -c" "EXTRA_COMPILER_FLAGS=-g"
Running Make include in ps7_cortexa9_0/libsrc/ttcps_v2_0/src
make -C ps7_cortexa9_0/libsrc/ttcps_v2_0/src -s include  "SHELL=/bin/sh" "COMPILER=arm-xilinx-eabi-gcc" "ARCHIVER=arm-xilinx-eabi-ar" "COMPILER_FLAGS=  -O2 -c" "EXTRA_COMPILER_FLAGS=-g"
Running Make include in ps7_cortexa9_0/libsrc/sdps_v2_3/src
make -C ps7_cortexa9_0/libsrc/sdps_v2_3/src -s include  "SHELL=/bin/sh" "COMPILER=arm-xilinx-eabi-gcc" "ARCHIVER=arm-xilinx-eabi-ar" "COMPILER_FLAGS=  -O2 -c" "EXTRA_COMPILER_FLAGS=-g"
Running Make include in ps7_cortexa9_0/libsrc/scuwdt_v2_0/src
make -C ps7_cortexa9_0/libsrc/scuwdt_v2_0/src -s include  "SHELL=/bin/sh" "COMPILER=arm-xilinx-eabi-gcc" "ARCHIVER=arm-xilinx-eabi-ar" "COMPILER_FLAGS=  -O2 -c" "EXTRA_COMPILER_FLAGS=-g"
Running Make include in ps7_cortexa9_0/libsrc/devcfg_v3_2/src
make -C ps7_cortexa9_0/libsrc/devcfg_v3_2/src -s include  "SHELL=/bin/sh" "COMPILER=arm-xilinx-eabi-gcc" "ARCHIVER=arm-xilinx-eabi-ar" "COMPILER_FLAGS=  -O2 -c" "EXTRA_COMPILER_FLAGS=-g"
Running Make include in ps7_cortexa9_0/libsrc/uartps_v2_2/src
make -C ps7_cortexa9_0/libsrc/uartps_v2_2/src -s include  "SHELL=/bin/sh" "COMPILER=arm-xilinx-eabi-gcc" "ARCHIVER=arm-xilinx-eabi-ar" "COMPILER_FLAGS=  -O2 -c" "EXTRA_COMPILER_FLAGS=-g"
Running Make include in ps7_cortexa9_0/libsrc/scugic_v2_1/src
make -C ps7_cortexa9_0/libsrc/scugic_v2_1/src -s include  "SHELL=/bin/sh" "COMPILER=arm-xilinx-eabi-gcc" "ARCHIVER=arm-xilinx-eabi-ar" "COMPILER_FLAGS=  -O2 -c" "EXTRA_COMPILER_FLAGS=-g"
Running Make include in ps7_cortexa9_0/libsrc/qspips_v3_1/src
make -C ps7_cortexa9_0/libsrc/qspips_v3_1/src -s include  "SHELL=/bin/sh" "COMPILER=arm-xilinx-eabi-gcc" "ARCHIVER=arm-xilinx-eabi-ar" "COMPILER_FLAGS=  -O2 -c" "EXTRA_COMPILER_FLAGS=-g"
Running Make include in ps7_cortexa9_0/libsrc/dmaps_v2_1/src
make -C ps7_cortexa9_0/libsrc/dmaps_v2_1/src -s include  "SHELL=/bin/sh" "COMPILER=arm-xilinx-eabi-gcc" "ARCHIVER=arm-xilinx-eabi-ar" "COMPILER_FLAGS=  -O2 -c" "EXTRA_COMPILER_FLAGS=-g"
Running Make include in ps7_cortexa9_0/libsrc/standalone_v4_2/src
make -C ps7_cortexa9_0/libsrc/standalone_v4_2/src -s include  "SHELL=/bin/sh" "COMPILER=arm-xilinx-eabi-gcc" "ARCHIVER=arm-xilinx-eabi-ar" "COMPILER_FLAGS=  -O2 -c" "EXTRA_COMPILER_FLAGS=-g"
Running Make include in ps7_cortexa9_0/libsrc/myip_v1_0/src
make -C ps7_cortexa9_0/libsrc/myip_v1_0/src -s include  "SHELL=/bin/sh" "COMPILER=arm-xilinx-eabi-gcc" "ARCHIVER=arm-xilinx-eabi-ar" "COMPILER_FLAGS=  -O2 -c" "EXTRA_COMPILER_FLAGS=-g"
Running Make include in ps7_cortexa9_0/libsrc/usbps_v2_2/src
make -C ps7_cortexa9_0/libsrc/usbps_v2_2/src -s include  "SHELL=/bin/sh" "COMPILER=arm-xilinx-eabi-gcc" "ARCHIVER=arm-xilinx-eabi-ar" "COMPILER_FLAGS=  -O2 -c" "EXTRA_COMPILER_FLAGS=-g"
Running Make include in ps7_cortexa9_0/libsrc/bram_v4_0/src
make -C ps7_cortexa9_0/libsrc/bram_v4_0/src -s include  "SHELL=/bin/sh" "COMPILER=arm-xilinx-eabi-gcc" "ARCHIVER=arm-xilinx-eabi-ar" "COMPILER_FLAGS=  -O2 -c" "EXTRA_COMPILER_FLAGS=-g"
Running Make include in ps7_cortexa9_0/libsrc/gpiops_v2_2/src
make -C ps7_cortexa9_0/libsrc/gpiops_v2_2/src -s include  "SHELL=/bin/sh" "COMPILER=arm-xilinx-eabi-gcc" "ARCHIVER=arm-xilinx-eabi-ar" "COMPILER_FLAGS=  -O2 -c" "EXTRA_COMPILER_FLAGS=-g"
Running Make include in ps7_cortexa9_0/libsrc/emacps_v2_2/src
make -C ps7_cortexa9_0/libsrc/emacps_v2_2/src -s include  "SHELL=/bin/sh" "COMPILER=arm-xilinx-eabi-gcc" "ARCHIVER=arm-xilinx-eabi-ar" "COMPILER_FLAGS=  -O2 -c" "EXTRA_COMPILER_FLAGS=-g"
Running Make include in ps7_cortexa9_0/libsrc/xadcps_v2_1/src
make -C ps7_cortexa9_0/libsrc/xadcps_v2_1/src -s include  "SHELL=/bin/sh" "COMPILER=arm-xilinx-eabi-gcc" "ARCHIVER=arm-xilinx-eabi-ar" "COMPILER_FLAGS=  -O2 -c" "EXTRA_COMPILER_FLAGS=-g"
Running Make include in ps7_cortexa9_0/libsrc/cpu_cortexa9_v2_1/src
make -C ps7_cortexa9_0/libsrc/cpu_cortexa9_v2_1/src -s include  "SHELL=/bin/sh" "COMPILER=arm-xilinx-eabi-gcc" "ARCHIVER=arm-xilinx-eabi-ar" "COMPILER_FLAGS=  -O2 -c" "EXTRA_COMPILER_FLAGS=-g"
Running Make libs in ps7_cortexa9_0/libsrc/scutimer_v2_0/src
make -C ps7_cortexa9_0/libsrc/scutimer_v2_0/src -s libs  "SHELL=/bin/sh" "COMPILER=arm-xilinx-eabi-gcc" "ARCHIVER=arm-xilinx-eabi-ar" "COMPILER_FLAGS=  -O2 -c" "EXTRA_COMPILER_FLAGS=-g"
Compiling scutimer
Running Make libs in ps7_cortexa9_0/libsrc/ttcps_v2_0/src
make -C ps7_cortexa9_0/libsrc/ttcps_v2_0/src -s libs  "SHELL=/bin/sh" "COMPILER=arm-xilinx-eabi-gcc" "ARCHIVER=arm-xilinx-eabi-ar" "COMPILER_FLAGS=  -O2 -c" "EXTRA_COMPILER_FLAGS=-g"
Compiling ttcps
Running Make libs in ps7_cortexa9_0/libsrc/sdps_v2_3/src
make -C ps7_cortexa9_0/libsrc/sdps_v2_3/src -s libs  "SHELL=/bin/sh" "COMPILER=arm-xilinx-eabi-gcc" "ARCHIVER=arm-xilinx-eabi-ar" "COMPILER_FLAGS=  -O2 -c" "EXTRA_COMPILER_FLAGS=-g"
Compiling sdps
Running Make libs in ps7_cortexa9_0/libsrc/scuwdt_v2_0/src
make -C ps7_cortexa9_0/libsrc/scuwdt_v2_0/src -s libs  "SHELL=/bin/sh" "COMPILER=arm-xilinx-eabi-gcc" "ARCHIVER=arm-xilinx-eabi-ar" "COMPILER_FLAGS=  -O2 -c" "EXTRA_COMPILER_FLAGS=-g"
Compiling scuwdt
Running Make libs in ps7_cortexa9_0/libsrc/devcfg_v3_2/src
make -C ps7_cortexa9_0/libsrc/devcfg_v3_2/src -s libs  "SHELL=/bin/sh" "COMPILER=arm-xilinx-eabi-gcc" "ARCHIVER=arm-xilinx-eabi-ar" "COMPILER_FLAGS=  -O2 -c" "EXTRA_COMPILER_FLAGS=-g"
Compiling devcfg
Running Make libs in ps7_cortexa9_0/libsrc/uartps_v2_2/src
make -C ps7_cortexa9_0/libsrc/uartps_v2_2/src -s libs  "SHELL=/bin/sh" "COMPILER=arm-xilinx-eabi-gcc" "ARCHIVER=arm-xilinx-eabi-ar" "COMPILER_FLAGS=  -O2 -c" "EXTRA_COMPILER_FLAGS=-g"
Compiling uartps
Running Make libs in ps7_cortexa9_0/libsrc/scugic_v2_1/src
make -C ps7_cortexa9_0/libsrc/scugic_v2_1/src -s libs  "SHELL=/bin/sh" "COMPILER=arm-xilinx-eabi-gcc" "ARCHIVER=arm-xilinx-eabi-ar" "COMPILER_FLAGS=  -O2 -c" "EXTRA_COMPILER_FLAGS=-g"
Compiling scugic
Running Make libs in ps7_cortexa9_0/libsrc/qspips_v3_1/src
make -C ps7_cortexa9_0/libsrc/qspips_v3_1/src -s libs  "SHELL=/bin/sh" "COMPILER=arm-xilinx-eabi-gcc" "ARCHIVER=arm-xilinx-eabi-ar" "COMPILER_FLAGS=  -O2 -c" "EXTRA_COMPILER_FLAGS=-g"
Compiling qspips
Running Make libs in ps7_cortexa9_0/libsrc/dmaps_v2_1/src
make -C ps7_cortexa9_0/libsrc/dmaps_v2_1/src -s libs  "SHELL=/bin/sh" "COMPILER=arm-xilinx-eabi-gcc" "ARCHIVER=arm-xilinx-eabi-ar" "COMPILER_FLAGS=  -O2 -c" "EXTRA_COMPILER_FLAGS=-g"
Compiling dmaps
Running Make libs in ps7_cortexa9_0/libsrc/standalone_v4_2/src
make -C ps7_cortexa9_0/libsrc/standalone_v4_2/src -s libs  "SHELL=/bin/sh" "COMPILER=arm-xilinx-eabi-gcc" "ARCHIVER=arm-xilinx-eabi-ar" "COMPILER_FLAGS=  -O2 -c" "EXTRA_COMPILER_FLAGS=-g"
Compiling standalone
Running Make libs in ps7_cortexa9_0/libsrc/myip_v1_0/src
make -C ps7_cortexa9_0/libsrc/myip_v1_0/src -s libs  "SHELL=/bin/sh" "COMPILER=arm-xilinx-eabi-gcc" "ARCHIVER=arm-xilinx-eabi-ar" "COMPILER_FLAGS=  -O2 -c" "EXTRA_COMPILER_FLAGS=-g"
Compiling myip...
Running Make libs in ps7_cortexa9_0/libsrc/usbps_v2_2/src
make -C ps7_cortexa9_0/libsrc/usbps_v2_2/src -s libs  "SHELL=/bin/sh" "COMPILER=arm-xilinx-eabi-gcc" "ARCHIVER=arm-xilinx-eabi-ar" "COMPILER_FLAGS=  -O2 -c" "EXTRA_COMPILER_FLAGS=-g"
Compiling usbps
Running Make libs in ps7_cortexa9_0/libsrc/bram_v4_0/src
make -C ps7_cortexa9_0/libsrc/bram_v4_0/src -s libs  "SHELL=/bin/sh" "COMPILER=arm-xilinx-eabi-gcc" "ARCHIVER=arm-xilinx-eabi-ar" "COMPILER_FLAGS=  -O2 -c" "EXTRA_COMPILER_FLAGS=-g"
Compiling bram
Running Make libs in ps7_cortexa9_0/libsrc/gpiops_v2_2/src
make -C ps7_cortexa9_0/libsrc/gpiops_v2_2/src -s libs  "SHELL=/bin/sh" "COMPILER=arm-xilinx-eabi-gcc" "ARCHIVER=arm-xilinx-eabi-ar" "COMPILER_FLAGS=  -O2 -c" "EXTRA_COMPILER_FLAGS=-g"
Compiling gpiops
Running Make libs in ps7_cortexa9_0/libsrc/emacps_v2_2/src
make -C ps7_cortexa9_0/libsrc/emacps_v2_2/src -s libs  "SHELL=/bin/sh" "COMPILER=arm-xilinx-eabi-gcc" "ARCHIVER=arm-xilinx-eabi-ar" "COMPILER_FLAGS=  -O2 -c" "EXTRA_COMPILER_FLAGS=-g"
Compiling emacps
Running Make libs in ps7_cortexa9_0/libsrc/xadcps_v2_1/src
make -C ps7_cortexa9_0/libsrc/xadcps_v2_1/src -s libs  "SHELL=/bin/sh" "COMPILER=arm-xilinx-eabi-gcc" "ARCHIVER=arm-xilinx-eabi-ar" "COMPILER_FLAGS=  -O2 -c" "EXTRA_COMPILER_FLAGS=-g"
Compiling xadcps
Running Make libs in ps7_cortexa9_0/libsrc/cpu_cortexa9_v2_1/src
make -C ps7_cortexa9_0/libsrc/cpu_cortexa9_v2_1/src -s libs  "SHELL=/bin/sh" "COMPILER=arm-xilinx-eabi-gcc" "ARCHIVER=arm-xilinx-eabi-ar" "COMPILER_FLAGS=  -O2 -c" "EXTRA_COMPILER_FLAGS=-g"
Compiling cpu_cortexa9
Finished building libraries
09:28:52 **** Auto Build of project sw_bsp ****
make -k all 
Running Make include in ps7_cortexa9_0/libsrc/scutimer_v2_0/src
make -C ps7_cortexa9_0/libsrc/scutimer_v2_0/src -s include  "SHELL=/bin/sh" "COMPILER=arm-xilinx-eabi-gcc" "ARCHIVER=arm-xilinx-eabi-ar" "COMPILER_FLAGS=  -O2 -c" "EXTRA_COMPILER_FLAGS=-g"
Running Make include in ps7_cortexa9_0/libsrc/ttcps_v2_0/src
make -C ps7_cortexa9_0/libsrc/ttcps_v2_0/src -s include  "SHELL=/bin/sh" "COMPILER=arm-xilinx-eabi-gcc" "ARCHIVER=arm-xilinx-eabi-ar" "COMPILER_FLAGS=  -O2 -c" "EXTRA_COMPILER_FLAGS=-g"
Running Make include in ps7_cortexa9_0/libsrc/sdps_v2_3/src
make -C ps7_cortexa9_0/libsrc/sdps_v2_3/src -s include  "SHELL=/bin/sh" "COMPILER=arm-xilinx-eabi-gcc" "ARCHIVER=arm-xilinx-eabi-ar" "COMPILER_FLAGS=  -O2 -c" "EXTRA_COMPILER_FLAGS=-g"
Running Make include in ps7_cortexa9_0/libsrc/scuwdt_v2_0/src
make -C ps7_cortexa9_0/libsrc/scuwdt_v2_0/src -s include  "SHELL=/bin/sh" "COMPILER=arm-xilinx-eabi-gcc" "ARCHIVER=arm-xilinx-eabi-ar" "COMPILER_FLAGS=  -O2 -c" "EXTRA_COMPILER_FLAGS=-g"
Running Make include in ps7_cortexa9_0/libsrc/devcfg_v3_2/src
make -C ps7_cortexa9_0/libsrc/devcfg_v3_2/src -s include  "SHELL=/bin/sh" "COMPILER=arm-xilinx-eabi-gcc" "ARCHIVER=arm-xilinx-eabi-ar" "COMPILER_FLAGS=  -O2 -c" "EXTRA_COMPILER_FLAGS=-g"
Running Make include in ps7_cortexa9_0/libsrc/uartps_v2_2/src
make -C ps7_cortexa9_0/libsrc/uartps_v2_2/src -s include  "SHELL=/bin/sh" "COMPILER=arm-xilinx-eabi-gcc" "ARCHIVER=arm-xilinx-eabi-ar" "COMPILER_FLAGS=  -O2 -c" "EXTRA_COMPILER_FLAGS=-g"
Running Make include in ps7_cortexa9_0/libsrc/scugic_v2_1/src
make -C ps7_cortexa9_0/libsrc/scugic_v2_1/src -s include  "SHELL=/bin/sh" "COMPILER=arm-xilinx-eabi-gcc" "ARCHIVER=arm-xilinx-eabi-ar" "COMPILER_FLAGS=  -O2 -c" "EXTRA_COMPILER_FLAGS=-g"
Running Make include in ps7_cortexa9_0/libsrc/qspips_v3_1/src
make -C ps7_cortexa9_0/libsrc/qspips_v3_1/src -s include  "SHELL=/bin/sh" "COMPILER=arm-xilinx-eabi-gcc" "ARCHIVER=arm-xilinx-eabi-ar" "COMPILER_FLAGS=  -O2 -c" "EXTRA_COMPILER_FLAGS=-g"
Running Make include in ps7_cortexa9_0/libsrc/dmaps_v2_1/src
make -C ps7_cortexa9_0/libsrc/dmaps_v2_1/src -s include  "SHELL=/bin/sh" "COMPILER=arm-xilinx-eabi-gcc" "ARCHIVER=arm-xilinx-eabi-ar" "COMPILER_FLAGS=  -O2 -c" "EXTRA_COMPILER_FLAGS=-g"
Running Make include in ps7_cortexa9_0/libsrc/standalone_v4_2/src
make -C ps7_cortexa9_0/libsrc/standalone_v4_2/src -s include  "SHELL=/bin/sh" "COMPILER=arm-xilinx-eabi-gcc" "ARCHIVER=arm-xilinx-eabi-ar" "COMPILER_FLAGS=  -O2 -c" "EXTRA_COMPILER_FLAGS=-g"
Running Make include in ps7_cortexa9_0/libsrc/myip_v1_0/src
make -C ps7_cortexa9_0/libsrc/myip_v1_0/src -s include  "SHELL=/bin/sh" "COMPILER=arm-xilinx-eabi-gcc" "ARCHIVER=arm-xilinx-eabi-ar" "COMPILER_FLAGS=  -O2 -c" "EXTRA_COMPILER_FLAGS=-g"
Running Make include in ps7_cortexa9_0/libsrc/usbps_v2_2/src
make -C ps7_cortexa9_0/libsrc/usbps_v2_2/src -s include  "SHELL=/bin/sh" "COMPILER=arm-xilinx-eabi-gcc" "ARCHIVER=arm-xilinx-eabi-ar" "COMPILER_FLAGS=  -O2 -c" "EXTRA_COMPILER_FLAGS=-g"
Running Make include in ps7_cortexa9_0/libsrc/bram_v4_0/src
make -C ps7_cortexa9_0/libsrc/bram_v4_0/src -s include  "SHELL=/bin/sh" "COMPILER=arm-xilinx-eabi-gcc" "ARCHIVER=arm-xilinx-eabi-ar" "COMPILER_FLAGS=  -O2 -c" "EXTRA_COMPILER_FLAGS=-g"
Running Make include in ps7_cortexa9_0/libsrc/gpiops_v2_2/src
make -C ps7_cortexa9_0/libsrc/gpiops_v2_2/src -s include  "SHELL=/bin/sh" "COMPILER=arm-xilinx-eabi-gcc" "ARCHIVER=arm-xilinx-eabi-ar" "COMPILER_FLAGS=  -O2 -c" "EXTRA_COMPILER_FLAGS=-g"
Running Make include in ps7_cortexa9_0/libsrc/emacps_v2_2/src
make -C ps7_cortexa9_0/libsrc/emacps_v2_2/src -s include  "SHELL=/bin/sh" "COMPILER=arm-xilinx-eabi-gcc" "ARCHIVER=arm-xilinx-eabi-ar" "COMPILER_FLAGS=  -O2 -c" "EXTRA_COMPILER_FLAGS=-g"
Running Make include in ps7_cortexa9_0/libsrc/xadcps_v2_1/src
make -C ps7_cortexa9_0/libsrc/xadcps_v2_1/src -s include  "SHELL=/bin/sh" "COMPILER=arm-xilinx-eabi-gcc" "ARCHIVER=arm-xilinx-eabi-ar" "COMPILER_FLAGS=  -O2 -c" "EXTRA_COMPILER_FLAGS=-g"
Running Make include in ps7_cortexa9_0/libsrc/cpu_cortexa9_v2_1/src
make -C ps7_cortexa9_0/libsrc/cpu_cortexa9_v2_1/src -s include  "SHELL=/bin/sh" "COMPILER=arm-xilinx-eabi-gcc" "ARCHIVER=arm-xilinx-eabi-ar" "COMPILER_FLAGS=  -O2 -c" "EXTRA_COMPILER_FLAGS=-g"
Running Make libs in ps7_cortexa9_0/libsrc/scutimer_v2_0/src
make -C ps7_cortexa9_0/libsrc/scutimer_v2_0/src -s libs  "SHELL=/bin/sh" "COMPILER=arm-xilinx-eabi-gcc" "ARCHIVER=arm-xilinx-eabi-ar" "COMPILER_FLAGS=  -O2 -c" "EXTRA_COMPILER_FLAGS=-g"
Compiling scutimer
Running Make libs in ps7_cortexa9_0/libsrc/ttcps_v2_0/src
make -C ps7_cortexa9_0/libsrc/ttcps_v2_0/src -s libs  "SHELL=/bin/sh" "COMPILER=arm-xilinx-eabi-gcc" "ARCHIVER=arm-xilinx-eabi-ar" "COMPILER_FLAGS=  -O2 -c" "EXTRA_COMPILER_FLAGS=-g"
Compiling ttcps
Running Make libs in ps7_cortexa9_0/libsrc/sdps_v2_3/src
make -C ps7_cortexa9_0/libsrc/sdps_v2_3/src -s libs  "SHELL=/bin/sh" "COMPILER=arm-xilinx-eabi-gcc" "ARCHIVER=arm-xilinx-eabi-ar" "COMPILER_FLAGS=  -O2 -c" "EXTRA_COMPILER_FLAGS=-g"
Compiling sdps
Running Make libs in ps7_cortexa9_0/libsrc/scuwdt_v2_0/src
make -C ps7_cortexa9_0/libsrc/scuwdt_v2_0/src -s libs  "SHELL=/bin/sh" "COMPILER=arm-xilinx-eabi-gcc" "ARCHIVER=arm-xilinx-eabi-ar" "COMPILER_FLAGS=  -O2 -c" "EXTRA_COMPILER_FLAGS=-g"
Compiling scuwdt
Running Make libs in ps7_cortexa9_0/libsrc/devcfg_v3_2/src
make -C ps7_cortexa9_0/libsrc/devcfg_v3_2/src -s libs  "SHELL=/bin/sh" "COMPILER=arm-xilinx-eabi-gcc" "ARCHIVER=arm-xilinx-eabi-ar" "COMPILER_FLAGS=  -O2 -c" "EXTRA_COMPILER_FLAGS=-g"
Compiling devcfg
Running Make libs in ps7_cortexa9_0/libsrc/uartps_v2_2/src
make -C ps7_cortexa9_0/libsrc/uartps_v2_2/src -s libs  "SHELL=/bin/sh" "COMPILER=arm-xilinx-eabi-gcc" "ARCHIVER=arm-xilinx-eabi-ar" "COMPILER_FLAGS=  -O2 -c" "EXTRA_COMPILER_FLAGS=-g"
Compiling uartps
Running Make libs in ps7_cortexa9_0/libsrc/scugic_v2_1/src
make -C ps7_cortexa9_0/libsrc/scugic_v2_1/src -s libs  "SHELL=/bin/sh" "COMPILER=arm-xilinx-eabi-gcc" "ARCHIVER=arm-xilinx-eabi-ar" "COMPILER_FLAGS=  -O2 -c" "EXTRA_COMPILER_FLAGS=-g"
Compiling scugic
Running Make libs in ps7_cortexa9_0/libsrc/qspips_v3_1/src
make -C ps7_cortexa9_0/libsrc/qspips_v3_1/src -s libs  "SHELL=/bin/sh" "COMPILER=arm-xilinx-eabi-gcc" "ARCHIVER=arm-xilinx-eabi-ar" "COMPILER_FLAGS=  -O2 -c" "EXTRA_COMPILER_FLAGS=-g"
Compiling qspips
Running Make libs in ps7_cortexa9_0/libsrc/dmaps_v2_1/src
make -C ps7_cortexa9_0/libsrc/dmaps_v2_1/src -s libs  "SHELL=/bin/sh" "COMPILER=arm-xilinx-eabi-gcc" "ARCHIVER=arm-xilinx-eabi-ar" "COMPILER_FLAGS=  -O2 -c" "EXTRA_COMPILER_FLAGS=-g"
Compiling dmaps
Running Make libs in ps7_cortexa9_0/libsrc/standalone_v4_2/src
make -C ps7_cortexa9_0/libsrc/standalone_v4_2/src -s libs  "SHELL=/bin/sh" "COMPILER=arm-xilinx-eabi-gcc" "ARCHIVER=arm-xilinx-eabi-ar" "COMPILER_FLAGS=  -O2 -c" "EXTRA_COMPILER_FLAGS=-g"
Compiling standalone
Running Make libs in ps7_cortexa9_0/libsrc/myip_v1_0/src
make -C ps7_cortexa9_0/libsrc/myip_v1_0/src -s libs  "SHELL=/bin/sh" "COMPILER=arm-xilinx-eabi-gcc" "ARCHIVER=arm-xilinx-eabi-ar" "COMPILER_FLAGS=  -O2 -c" "EXTRA_COMPILER_FLAGS=-g"
Compiling myip...
Running Make libs in ps7_cortexa9_0/libsrc/usbps_v2_2/src
make -C ps7_cortexa9_0/libsrc/usbps_v2_2/src -s libs  "SHELL=/bin/sh" "COMPILER=arm-xilinx-eabi-gcc" "ARCHIVER=arm-xilinx-eabi-ar" "COMPILER_FLAGS=  -O2 -c" "EXTRA_COMPILER_FLAGS=-g"
Compiling usbps
Running Make libs in ps7_cortexa9_0/libsrc/bram_v4_0/src
make -C ps7_cortexa9_0/libsrc/bram_v4_0/src -s libs  "SHELL=/bin/sh" "COMPILER=arm-xilinx-eabi-gcc" "ARCHIVER=arm-xilinx-eabi-ar" "COMPILER_FLAGS=  -O2 -c" "EXTRA_COMPILER_FLAGS=-g"
Compiling bram
Running Make libs in ps7_cortexa9_0/libsrc/gpiops_v2_2/src
make -C ps7_cortexa9_0/libsrc/gpiops_v2_2/src -s libs  "SHELL=/bin/sh" "COMPILER=arm-xilinx-eabi-gcc" "ARCHIVER=arm-xilinx-eabi-ar" "COMPILER_FLAGS=  -O2 -c" "EXTRA_COMPILER_FLAGS=-g"
Compiling gpiops
Running Make libs in ps7_cortexa9_0/libsrc/emacps_v2_2/src
make -C ps7_cortexa9_0/libsrc/emacps_v2_2/src -s libs  "SHELL=/bin/sh" "COMPILER=arm-xilinx-eabi-gcc" "ARCHIVER=arm-xilinx-eabi-ar" "COMPILER_FLAGS=  -O2 -c" "EXTRA_COMPILER_FLAGS=-g"
Compiling emacps
Running Make libs in ps7_cortexa9_0/libsrc/xadcps_v2_1/src
make -C ps7_cortexa9_0/libsrc/xadcps_v2_1/src -s libs  "SHELL=/bin/sh" "COMPILER=arm-xilinx-eabi-gcc" "ARCHIVER=arm-xilinx-eabi-ar" "COMPILER_FLAGS=  -O2 -c" "EXTRA_COMPILER_FLAGS=-g"
Compiling xadcps
Running Make libs in ps7_cortexa9_0/libsrc/cpu_cortexa9_v2_1/src
make -C ps7_cortexa9_0/libsrc/cpu_cortexa9_v2_1/src -s libs  "SHELL=/bin/sh" "COMPILER=arm-xilinx-eabi-gcc" "ARCHIVER=arm-xilinx-eabi-ar" "COMPILER_FLAGS=  -O2 -c" "EXTRA_COMPILER_FLAGS=-g"
Compiling cpu_cortexa9
Finished building libraries
09:29:22 **** Auto Build of configuration Debug for project sw ****
make all 
Building file: ../src/helloworld.c
Invoking: ARM gcc compiler
arm-xilinx-eabi-gcc -Wall -O0 -g3 -c -fmessage-length=0 -MT"src/helloworld.o" -I../../sw_bsp/ps7_cortexa9_0/include -MMD -MP -MF"src/helloworld.d" -MT"src/helloworld.d" -o "src/helloworld.o" "../src/helloworld.c"
../src/helloworld.c: In function 'main':
../src/helloworld.c:80:6: warning: implicit declaration of function 'xil_printf' [-Wimplicit-function-declaration]
      xil_printf("Needed time: %lu\n\r", time2-time1);
      ^
../src/helloworld.c:81:6: warning: implicit declaration of function 'usleep' [-Wimplicit-function-declaration]
      usleep(1000);
      ^
Finished building: ../src/helloworld.c
 
Building file: ../src/platform.c
Invoking: ARM gcc compiler
arm-xilinx-eabi-gcc -Wall -O0 -g3 -c -fmessage-length=0 -MT"src/platform.o" -I../../sw_bsp/ps7_cortexa9_0/include -MMD -MP -MF"src/platform.d" -MT"src/platform.d" -o "src/platform.o" "../src/platform.c"
Finished building: ../src/platform.c
 
Building file: ../src/time_utils.c
Invoking: ARM gcc compiler
arm-xilinx-eabi-gcc -Wall -O0 -g3 -c -fmessage-length=0 -MT"src/time_utils.o" -I../../sw_bsp/ps7_cortexa9_0/include -MMD -MP -MF"src/time_utils.d" -MT"src/time_utils.d" -o "src/time_utils.o" "../src/time_utils.c"
Finished building: ../src/time_utils.c
 
Building target: sw.elf
Invoking: ARM gcc linker
arm-xilinx-eabi-gcc -Wl,-T -Wl,../src/lscript.ld -L../../sw_bsp/ps7_cortexa9_0/lib -o "sw.elf"  ./src/helloworld.o ./src/platform.o ./src/time_utils.o   -Wl,--start-group,-lxil,-lgcc,-lc,--end-group
Finished building target: sw.elf
 
Invoking: ARM Print Size
arm-xilinx-eabi-size sw.elf  |tee "sw.elf.size"
   text	   data	    bss	    dec	    hex	filename
  28220	   1152	  22556	  51928	   cad8	sw.elf
Finished building: sw.elf.size
 
09:32:46 **** Incremental Build of configuration Debug for project sw ****
make all 
make: Nothing to be done for 'all'.
09:34:02 **** Incremental Build of configuration Debug for project sw ****
make all 
make: Nothing to be done for 'all'.
09:36:18 **** Incremental Build of configuration Debug for project sw ****
make all 
make: Nothing to be done for 'all'.
09:37:39 **** Auto Build of configuration Debug for project sw ****
make all 
Building file: ../src/helloworld.c
Invoking: ARM gcc compiler
arm-xilinx-eabi-gcc -Wall -O0 -g3 -c -fmessage-length=0 -MT"src/helloworld.o" -I../../sw_bsp/ps7_cortexa9_0/include -MMD -MP -MF"src/helloworld.d" -MT"src/helloworld.d" -o "src/helloworld.o" "../src/helloworld.c"
../src/helloworld.c: In function 'main':
../src/helloworld.c:61:26: warning: variable 'time2' set but not used [-Wunused-but-set-variable]
     unsigned long time1, time2;
                          ^
../src/helloworld.c:61:19: warning: variable 'time1' set but not used [-Wunused-but-set-variable]
     unsigned long time1, time2;
                   ^
Finished building: ../src/helloworld.c
 
Building target: sw.elf
Invoking: ARM gcc linker
arm-xilinx-eabi-gcc -Wl,-T -Wl,../src/lscript.ld -L../../sw_bsp/ps7_cortexa9_0/lib -o "sw.elf"  ./src/helloworld.o ./src/platform.o ./src/time_utils.o   -Wl,--start-group,-lxil,-lgcc,-lc,--end-group
Finished building target: sw.elf
 
Invoking: ARM Print Size
arm-xilinx-eabi-size sw.elf  |tee "sw.elf.size"
   text	   data	    bss	    dec	    hex	filename
  25916	   1152	  22556	  49624	   c1d8	sw.elf
Finished building: sw.elf.size
 
09:44:13 **** Incremental Build of configuration Debug for project sw ****
make all 
make: Nothing to be done for 'all'.
09:51:09 **** Incremental Build of configuration Debug for project sw ****
make all 
make: Nothing to be done for 'all'.
10:35:30 **** Incremental Build of configuration Debug for project sw ****
make all 
make: Nothing to be done for 'all'.
10:36:12 **** Auto Build of configuration Debug for project sw ****
make all 
Building file: ../src/helloworld.c
Invoking: ARM gcc compiler
arm-xilinx-eabi-gcc -Wall -O0 -g3 -c -fmessage-length=0 -MT"src/helloworld.o" -I../../sw_bsp/ps7_cortexa9_0/include -MMD -MP -MF"src/helloworld.d" -MT"src/helloworld.d" -o "src/helloworld.o" "../src/helloworld.c"
../src/helloworld.c: In function 'main':
../src/helloworld.c:80:6: warning: implicit declaration of function 'xil_printf' [-Wimplicit-function-declaration]
      xil_printf("Needed time: %lu\n\r", time2-time1);
      ^
../src/helloworld.c:81:6: warning: implicit declaration of function 'usleep' [-Wimplicit-function-declaration]
      usleep(1000);
      ^
Finished building: ../src/helloworld.c
 
Building target: sw.elf
Invoking: ARM gcc linker
arm-xilinx-eabi-gcc -Wl,-T -Wl,../src/lscript.ld -L../../sw_bsp/ps7_cortexa9_0/lib -o "sw.elf"  ./src/helloworld.o ./src/platform.o ./src/time_utils.o   -Wl,--start-group,-lxil,-lgcc,-lc,--end-group
Finished building target: sw.elf
 
Invoking: ARM Print Size
arm-xilinx-eabi-size sw.elf  |tee "sw.elf.size"
   text	   data	    bss	    dec	    hex	filename
  28220	   1152	  22556	  51928	   cad8	sw.elf
Finished building: sw.elf.size
 
10:36:15 **** Incremental Build of configuration Debug for project sw ****
make all 
make: Nothing to be done for 'all'.
10:36:35 **** Incremental Build of configuration Debug for project sw ****
make all 
make: Nothing to be done for 'all'.
10:39:55 **** Auto Build of configuration Debug for project sw ****
make all 
Building file: ../src/helloworld.c
Invoking: ARM gcc compiler
arm-xilinx-eabi-gcc -Wall -O0 -g3 -c -fmessage-length=0 -MT"src/helloworld.o" -I../../sw_bsp/ps7_cortexa9_0/include -MMD -MP -MF"src/helloworld.d" -MT"src/helloworld.d" -o "src/helloworld.o" "../src/helloworld.c"
../src/helloworld.c: In function 'main':
../src/helloworld.c:80:6: warning: implicit declaration of function 'xil_printf' [-Wimplicit-function-declaration]
      xil_printf("Needed time: %d\n\r", time2-time1);
      ^
../src/helloworld.c:81:6: warning: implicit declaration of function 'usleep' [-Wimplicit-function-declaration]
      usleep(10000);
      ^
Finished building: ../src/helloworld.c
 
Building target: sw.elf
Invoking: ARM gcc linker
arm-xilinx-eabi-gcc -Wl,-T -Wl,../src/lscript.ld -L../../sw_bsp/ps7_cortexa9_0/lib -o "sw.elf"  ./src/helloworld.o ./src/platform.o ./src/time_utils.o   -Wl,--start-group,-lxil,-lgcc,-lc,--end-group
Finished building target: sw.elf
 
Invoking: ARM Print Size
arm-xilinx-eabi-size sw.elf  |tee "sw.elf.size"
   text	   data	    bss	    dec	    hex	filename
  28220	   1152	  22556	  51928	   cad8	sw.elf
Finished building: sw.elf.size
 
10:40:00 **** Incremental Build of configuration Debug for project sw ****
make all 
make: Nothing to be done for 'all'.
10:40:11 **** Incremental Build of configuration Debug for project sw ****
make all 
make: Nothing to be done for 'all'.
10:40:17 **** Incremental Build of configuration Debug for project sw ****
make all 
make: Nothing to be done for 'all'.
11:08:41 **** Auto Build of project sw_bsp ****
make -k all 
Running Make include in ps7_cortexa9_0/libsrc/scutimer_v2_0/src
make -C ps7_cortexa9_0/libsrc/scutimer_v2_0/src -s include  "SHELL=/bin/sh" "COMPILER=arm-xilinx-eabi-gcc" "ARCHIVER=arm-xilinx-eabi-ar" "COMPILER_FLAGS=  -O2 -c" "EXTRA_COMPILER_FLAGS=-g"
Running Make include in ps7_cortexa9_0/libsrc/ttcps_v2_0/src
make -C ps7_cortexa9_0/libsrc/ttcps_v2_0/src -s include  "SHELL=/bin/sh" "COMPILER=arm-xilinx-eabi-gcc" "ARCHIVER=arm-xilinx-eabi-ar" "COMPILER_FLAGS=  -O2 -c" "EXTRA_COMPILER_FLAGS=-g"
Running Make include in ps7_cortexa9_0/libsrc/sdps_v2_3/src
make -C ps7_cortexa9_0/libsrc/sdps_v2_3/src -s include  "SHELL=/bin/sh" "COMPILER=arm-xilinx-eabi-gcc" "ARCHIVER=arm-xilinx-eabi-ar" "COMPILER_FLAGS=  -O2 -c" "EXTRA_COMPILER_FLAGS=-g"
Running Make include in ps7_cortexa9_0/libsrc/scuwdt_v2_0/src
make -C ps7_cortexa9_0/libsrc/scuwdt_v2_0/src -s include  "SHELL=/bin/sh" "COMPILER=arm-xilinx-eabi-gcc" "ARCHIVER=arm-xilinx-eabi-ar" "COMPILER_FLAGS=  -O2 -c" "EXTRA_COMPILER_FLAGS=-g"
Running Make include in ps7_cortexa9_0/libsrc/devcfg_v3_2/src
make -C ps7_cortexa9_0/libsrc/devcfg_v3_2/src -s include  "SHELL=/bin/sh" "COMPILER=arm-xilinx-eabi-gcc" "ARCHIVER=arm-xilinx-eabi-ar" "COMPILER_FLAGS=  -O2 -c" "EXTRA_COMPILER_FLAGS=-g"
Running Make include in ps7_cortexa9_0/libsrc/uartps_v2_2/src
make -C ps7_cortexa9_0/libsrc/uartps_v2_2/src -s include  "SHELL=/bin/sh" "COMPILER=arm-xilinx-eabi-gcc" "ARCHIVER=arm-xilinx-eabi-ar" "COMPILER_FLAGS=  -O2 -c" "EXTRA_COMPILER_FLAGS=-g"
Running Make include in ps7_cortexa9_0/libsrc/scugic_v2_1/src
make -C ps7_cortexa9_0/libsrc/scugic_v2_1/src -s include  "SHELL=/bin/sh" "COMPILER=arm-xilinx-eabi-gcc" "ARCHIVER=arm-xilinx-eabi-ar" "COMPILER_FLAGS=  -O2 -c" "EXTRA_COMPILER_FLAGS=-g"
Running Make include in ps7_cortexa9_0/libsrc/qspips_v3_1/src
make -C ps7_cortexa9_0/libsrc/qspips_v3_1/src -s include  "SHELL=/bin/sh" "COMPILER=arm-xilinx-eabi-gcc" "ARCHIVER=arm-xilinx-eabi-ar" "COMPILER_FLAGS=  -O2 -c" "EXTRA_COMPILER_FLAGS=-g"
Running Make include in ps7_cortexa9_0/libsrc/dmaps_v2_1/src
make -C ps7_cortexa9_0/libsrc/dmaps_v2_1/src -s include  "SHELL=/bin/sh" "COMPILER=arm-xilinx-eabi-gcc" "ARCHIVER=arm-xilinx-eabi-ar" "COMPILER_FLAGS=  -O2 -c" "EXTRA_COMPILER_FLAGS=-g"
Running Make include in ps7_cortexa9_0/libsrc/standalone_v4_2/src
make -C ps7_cortexa9_0/libsrc/standalone_v4_2/src -s include  "SHELL=/bin/sh" "COMPILER=arm-xilinx-eabi-gcc" "ARCHIVER=arm-xilinx-eabi-ar" "COMPILER_FLAGS=  -O2 -c" "EXTRA_COMPILER_FLAGS=-g"
Running Make include in ps7_cortexa9_0/libsrc/myip_v1_0/src
make -C ps7_cortexa9_0/libsrc/myip_v1_0/src -s include  "SHELL=/bin/sh" "COMPILER=arm-xilinx-eabi-gcc" "ARCHIVER=arm-xilinx-eabi-ar" "COMPILER_FLAGS=  -O2 -c" "EXTRA_COMPILER_FLAGS=-g"
Running Make include in ps7_cortexa9_0/libsrc/usbps_v2_2/src
make -C ps7_cortexa9_0/libsrc/usbps_v2_2/src -s include  "SHELL=/bin/sh" "COMPILER=arm-xilinx-eabi-gcc" "ARCHIVER=arm-xilinx-eabi-ar" "COMPILER_FLAGS=  -O2 -c" "EXTRA_COMPILER_FLAGS=-g"
Running Make include in ps7_cortexa9_0/libsrc/bram_v4_0/src
make -C ps7_cortexa9_0/libsrc/bram_v4_0/src -s include  "SHELL=/bin/sh" "COMPILER=arm-xilinx-eabi-gcc" "ARCHIVER=arm-xilinx-eabi-ar" "COMPILER_FLAGS=  -O2 -c" "EXTRA_COMPILER_FLAGS=-g"
Running Make include in ps7_cortexa9_0/libsrc/gpiops_v2_2/src
make -C ps7_cortexa9_0/libsrc/gpiops_v2_2/src -s include  "SHELL=/bin/sh" "COMPILER=arm-xilinx-eabi-gcc" "ARCHIVER=arm-xilinx-eabi-ar" "COMPILER_FLAGS=  -O2 -c" "EXTRA_COMPILER_FLAGS=-g"
Running Make include in ps7_cortexa9_0/libsrc/emacps_v2_2/src
make -C ps7_cortexa9_0/libsrc/emacps_v2_2/src -s include  "SHELL=/bin/sh" "COMPILER=arm-xilinx-eabi-gcc" "ARCHIVER=arm-xilinx-eabi-ar" "COMPILER_FLAGS=  -O2 -c" "EXTRA_COMPILER_FLAGS=-g"
Running Make include in ps7_cortexa9_0/libsrc/xadcps_v2_1/src
make -C ps7_cortexa9_0/libsrc/xadcps_v2_1/src -s include  "SHELL=/bin/sh" "COMPILER=arm-xilinx-eabi-gcc" "ARCHIVER=arm-xilinx-eabi-ar" "COMPILER_FLAGS=  -O2 -c" "EXTRA_COMPILER_FLAGS=-g"
Running Make include in ps7_cortexa9_0/libsrc/cpu_cortexa9_v2_1/src
make -C ps7_cortexa9_0/libsrc/cpu_cortexa9_v2_1/src -s include  "SHELL=/bin/sh" "COMPILER=arm-xilinx-eabi-gcc" "ARCHIVER=arm-xilinx-eabi-ar" "COMPILER_FLAGS=  -O2 -c" "EXTRA_COMPILER_FLAGS=-g"
Running Make libs in ps7_cortexa9_0/libsrc/scutimer_v2_0/src
make -C ps7_cortexa9_0/libsrc/scutimer_v2_0/src -s libs  "SHELL=/bin/sh" "COMPILER=arm-xilinx-eabi-gcc" "ARCHIVER=arm-xilinx-eabi-ar" "COMPILER_FLAGS=  -O2 -c" "EXTRA_COMPILER_FLAGS=-g"
Compiling scutimer
arm-xilinx-eabi-ar: creating ../../../lib/libxil.a
Running Make libs in ps7_cortexa9_0/libsrc/ttcps_v2_0/src
make -C ps7_cortexa9_0/libsrc/ttcps_v2_0/src -s libs  "SHELL=/bin/sh" "COMPILER=arm-xilinx-eabi-gcc" "ARCHIVER=arm-xilinx-eabi-ar" "COMPILER_FLAGS=  -O2 -c" "EXTRA_COMPILER_FLAGS=-g"
Compiling ttcps
Running Make libs in ps7_cortexa9_0/libsrc/sdps_v2_3/src
make -C ps7_cortexa9_0/libsrc/sdps_v2_3/src -s libs  "SHELL=/bin/sh" "COMPILER=arm-xilinx-eabi-gcc" "ARCHIVER=arm-xilinx-eabi-ar" "COMPILER_FLAGS=  -O2 -c" "EXTRA_COMPILER_FLAGS=-g"
Compiling sdps
Running Make libs in ps7_cortexa9_0/libsrc/scuwdt_v2_0/src
make -C ps7_cortexa9_0/libsrc/scuwdt_v2_0/src -s libs  "SHELL=/bin/sh" "COMPILER=arm-xilinx-eabi-gcc" "ARCHIVER=arm-xilinx-eabi-ar" "COMPILER_FLAGS=  -O2 -c" "EXTRA_COMPILER_FLAGS=-g"
Compiling scuwdt
Running Make libs in ps7_cortexa9_0/libsrc/devcfg_v3_2/src
make -C ps7_cortexa9_0/libsrc/devcfg_v3_2/src -s libs  "SHELL=/bin/sh" "COMPILER=arm-xilinx-eabi-gcc" "ARCHIVER=arm-xilinx-eabi-ar" "COMPILER_FLAGS=  -O2 -c" "EXTRA_COMPILER_FLAGS=-g"
Compiling devcfg
Running Make libs in ps7_cortexa9_0/libsrc/uartps_v2_2/src
make -C ps7_cortexa9_0/libsrc/uartps_v2_2/src -s libs  "SHELL=/bin/sh" "COMPILER=arm-xilinx-eabi-gcc" "ARCHIVER=arm-xilinx-eabi-ar" "COMPILER_FLAGS=  -O2 -c" "EXTRA_COMPILER_FLAGS=-g"
Compiling uartps
Running Make libs in ps7_cortexa9_0/libsrc/scugic_v2_1/src
make -C ps7_cortexa9_0/libsrc/scugic_v2_1/src -s libs  "SHELL=/bin/sh" "COMPILER=arm-xilinx-eabi-gcc" "ARCHIVER=arm-xilinx-eabi-ar" "COMPILER_FLAGS=  -O2 -c" "EXTRA_COMPILER_FLAGS=-g"
Compiling scugic
Running Make libs in ps7_cortexa9_0/libsrc/qspips_v3_1/src
make -C ps7_cortexa9_0/libsrc/qspips_v3_1/src -s libs  "SHELL=/bin/sh" "COMPILER=arm-xilinx-eabi-gcc" "ARCHIVER=arm-xilinx-eabi-ar" "COMPILER_FLAGS=  -O2 -c" "EXTRA_COMPILER_FLAGS=-g"
Compiling qspips
Running Make libs in ps7_cortexa9_0/libsrc/dmaps_v2_1/src
make -C ps7_cortexa9_0/libsrc/dmaps_v2_1/src -s libs  "SHELL=/bin/sh" "COMPILER=arm-xilinx-eabi-gcc" "ARCHIVER=arm-xilinx-eabi-ar" "COMPILER_FLAGS=  -O2 -c" "EXTRA_COMPILER_FLAGS=-g"
Compiling dmaps
Running Make libs in ps7_cortexa9_0/libsrc/standalone_v4_2/src
make -C ps7_cortexa9_0/libsrc/standalone_v4_2/src -s libs  "SHELL=/bin/sh" "COMPILER=arm-xilinx-eabi-gcc" "ARCHIVER=arm-xilinx-eabi-ar" "COMPILER_FLAGS=  -O2 -c" "EXTRA_COMPILER_FLAGS=-g"
Compiling standalone
Running Make libs in ps7_cortexa9_0/libsrc/myip_v1_0/src
make -C ps7_cortexa9_0/libsrc/myip_v1_0/src -s libs  "SHELL=/bin/sh" "COMPILER=arm-xilinx-eabi-gcc" "ARCHIVER=arm-xilinx-eabi-ar" "COMPILER_FLAGS=  -O2 -c" "EXTRA_COMPILER_FLAGS=-g"
Compiling myip...
Running Make libs in ps7_cortexa9_0/libsrc/usbps_v2_2/src
make -C ps7_cortexa9_0/libsrc/usbps_v2_2/src -s libs  "SHELL=/bin/sh" "COMPILER=arm-xilinx-eabi-gcc" "ARCHIVER=arm-xilinx-eabi-ar" "COMPILER_FLAGS=  -O2 -c" "EXTRA_COMPILER_FLAGS=-g"
Compiling usbps
Running Make libs in ps7_cortexa9_0/libsrc/bram_v4_0/src
make -C ps7_cortexa9_0/libsrc/bram_v4_0/src -s libs  "SHELL=/bin/sh" "COMPILER=arm-xilinx-eabi-gcc" "ARCHIVER=arm-xilinx-eabi-ar" "COMPILER_FLAGS=  -O2 -c" "EXTRA_COMPILER_FLAGS=-g"
Compiling bram
Running Make libs in ps7_cortexa9_0/libsrc/gpiops_v2_2/src
make -C ps7_cortexa9_0/libsrc/gpiops_v2_2/src -s libs  "SHELL=/bin/sh" "COMPILER=arm-xilinx-eabi-gcc" "ARCHIVER=arm-xilinx-eabi-ar" "COMPILER_FLAGS=  -O2 -c" "EXTRA_COMPILER_FLAGS=-g"
Compiling gpiops
Running Make libs in ps7_cortexa9_0/libsrc/emacps_v2_2/src
make -C ps7_cortexa9_0/libsrc/emacps_v2_2/src -s libs  "SHELL=/bin/sh" "COMPILER=arm-xilinx-eabi-gcc" "ARCHIVER=arm-xilinx-eabi-ar" "COMPILER_FLAGS=  -O2 -c" "EXTRA_COMPILER_FLAGS=-g"
Compiling emacps
Running Make libs in ps7_cortexa9_0/libsrc/xadcps_v2_1/src
make -C ps7_cortexa9_0/libsrc/xadcps_v2_1/src -s libs  "SHELL=/bin/sh" "COMPILER=arm-xilinx-eabi-gcc" "ARCHIVER=arm-xilinx-eabi-ar" "COMPILER_FLAGS=  -O2 -c" "EXTRA_COMPILER_FLAGS=-g"
Compiling xadcps
Running Make libs in ps7_cortexa9_0/libsrc/cpu_cortexa9_v2_1/src
make -C ps7_cortexa9_0/libsrc/cpu_cortexa9_v2_1/src -s libs  "SHELL=/bin/sh" "COMPILER=arm-xilinx-eabi-gcc" "ARCHIVER=arm-xilinx-eabi-ar" "COMPILER_FLAGS=  -O2 -c" "EXTRA_COMPILER_FLAGS=-g"
Compiling cpu_cortexa9
Finished building libraries
11:08:59 **** Auto Build of configuration Debug for project sw ****
make all 
Building file: ../src/helloworld.c
Invoking: ARM gcc compiler
arm-xilinx-eabi-gcc -Wall -O0 -g3 -c -fmessage-length=0 -MT"src/helloworld.o" -I../../sw_bsp/ps7_cortexa9_0/include -MMD -MP -MF"src/helloworld.d" -MT"src/helloworld.d" -o "src/helloworld.o" "../src/helloworld.c"
../src/helloworld.c: In function 'main':
../src/helloworld.c:80:6: warning: implicit declaration of function 'xil_printf' [-Wimplicit-function-declaration]
      xil_printf("Needed time: %d\n\r", time2-time1);
      ^
../src/helloworld.c:81:6: warning: implicit declaration of function 'usleep' [-Wimplicit-function-declaration]
      usleep(10000);
      ^
Finished building: ../src/helloworld.c
 
Building file: ../src/platform.c
Invoking: ARM gcc compiler
arm-xilinx-eabi-gcc -Wall -O0 -g3 -c -fmessage-length=0 -MT"src/platform.o" -I../../sw_bsp/ps7_cortexa9_0/include -MMD -MP -MF"src/platform.d" -MT"src/platform.d" -o "src/platform.o" "../src/platform.c"
Finished building: ../src/platform.c
 
Building file: ../src/time_utils.c
Invoking: ARM gcc compiler
arm-xilinx-eabi-gcc -Wall -O0 -g3 -c -fmessage-length=0 -MT"src/time_utils.o" -I../../sw_bsp/ps7_cortexa9_0/include -MMD -MP -MF"src/time_utils.d" -MT"src/time_utils.d" -o "src/time_utils.o" "../src/time_utils.c"
Finished building: ../src/time_utils.c
 
Building target: sw.elf
Invoking: ARM gcc linker
arm-xilinx-eabi-gcc -Wl,-T -Wl,../src/lscript.ld -L../../sw_bsp/ps7_cortexa9_0/lib -o "sw.elf"  ./src/helloworld.o ./src/platform.o ./src/time_utils.o   -Wl,--start-group,-lxil,-lgcc,-lc,--end-group
Finished building target: sw.elf
 
Invoking: ARM Print Size
arm-xilinx-eabi-size sw.elf  |tee "sw.elf.size"
   text	   data	    bss	    dec	    hex	filename
  28220	   1152	  22556	  51928	   cad8	sw.elf
Finished building: sw.elf.size
 
11:10:32 **** Auto Build of configuration Debug for project sw ****
make all 
Building file: ../src/helloworld.c
Invoking: ARM gcc compiler
arm-xilinx-eabi-gcc -Wall -O0 -g3 -c -fmessage-length=0 -MT"src/helloworld.o" -I../../sw_bsp/ps7_cortexa9_0/include -MMD -MP -MF"src/helloworld.d" -MT"src/helloworld.d" -o "src/helloworld.o" "../src/helloworld.c"
../src/helloworld.c: In function 'main':
../src/helloworld.c:85:6: warning: implicit declaration of function 'xil_printf' [-Wimplicit-function-declaration]
      xil_printf("Needed time: %d\n\r", time2-time1);
      ^
../src/helloworld.c:86:6: warning: implicit declaration of function 'usleep' [-Wimplicit-function-declaration]
      usleep(10000);
      ^
Finished building: ../src/helloworld.c
 
Building target: sw.elf
Invoking: ARM gcc linker
arm-xilinx-eabi-gcc -Wl,-T -Wl,../src/lscript.ld -L../../sw_bsp/ps7_cortexa9_0/lib -o "sw.elf"  ./src/helloworld.o ./src/platform.o ./src/time_utils.o   -Wl,--start-group,-lxil,-lgcc,-lc,--end-group
Finished building target: sw.elf
 
Invoking: ARM Print Size
arm-xilinx-eabi-size sw.elf  |tee "sw.elf.size"
   text	   data	    bss	    dec	    hex	filename
  28220	   1152	  22556	  51928	   cad8	sw.elf
Finished building: sw.elf.size
 
11:14:33 **** Auto Build of project sw_bsp ****
make -k all 
Running Make include in ps7_cortexa9_0/libsrc/scutimer_v2_0/src
make -C ps7_cortexa9_0/libsrc/scutimer_v2_0/src -s include  "SHELL=/bin/sh" "COMPILER=arm-xilinx-eabi-gcc" "ARCHIVER=arm-xilinx-eabi-ar" "COMPILER_FLAGS=  -O2 -c" "EXTRA_COMPILER_FLAGS=-g"
Running Make include in ps7_cortexa9_0/libsrc/ttcps_v2_0/src
make -C ps7_cortexa9_0/libsrc/ttcps_v2_0/src -s include  "SHELL=/bin/sh" "COMPILER=arm-xilinx-eabi-gcc" "ARCHIVER=arm-xilinx-eabi-ar" "COMPILER_FLAGS=  -O2 -c" "EXTRA_COMPILER_FLAGS=-g"
Running Make include in ps7_cortexa9_0/libsrc/sdps_v2_3/src
make -C ps7_cortexa9_0/libsrc/sdps_v2_3/src -s include  "SHELL=/bin/sh" "COMPILER=arm-xilinx-eabi-gcc" "ARCHIVER=arm-xilinx-eabi-ar" "COMPILER_FLAGS=  -O2 -c" "EXTRA_COMPILER_FLAGS=-g"
Running Make include in ps7_cortexa9_0/libsrc/scuwdt_v2_0/src
make -C ps7_cortexa9_0/libsrc/scuwdt_v2_0/src -s include  "SHELL=/bin/sh" "COMPILER=arm-xilinx-eabi-gcc" "ARCHIVER=arm-xilinx-eabi-ar" "COMPILER_FLAGS=  -O2 -c" "EXTRA_COMPILER_FLAGS=-g"
Running Make include in ps7_cortexa9_0/libsrc/devcfg_v3_2/src
make -C ps7_cortexa9_0/libsrc/devcfg_v3_2/src -s include  "SHELL=/bin/sh" "COMPILER=arm-xilinx-eabi-gcc" "ARCHIVER=arm-xilinx-eabi-ar" "COMPILER_FLAGS=  -O2 -c" "EXTRA_COMPILER_FLAGS=-g"
Running Make include in ps7_cortexa9_0/libsrc/uartps_v2_2/src
make -C ps7_cortexa9_0/libsrc/uartps_v2_2/src -s include  "SHELL=/bin/sh" "COMPILER=arm-xilinx-eabi-gcc" "ARCHIVER=arm-xilinx-eabi-ar" "COMPILER_FLAGS=  -O2 -c" "EXTRA_COMPILER_FLAGS=-g"
Running Make include in ps7_cortexa9_0/libsrc/scugic_v2_1/src
make -C ps7_cortexa9_0/libsrc/scugic_v2_1/src -s include  "SHELL=/bin/sh" "COMPILER=arm-xilinx-eabi-gcc" "ARCHIVER=arm-xilinx-eabi-ar" "COMPILER_FLAGS=  -O2 -c" "EXTRA_COMPILER_FLAGS=-g"
Running Make include in ps7_cortexa9_0/libsrc/qspips_v3_1/src
make -C ps7_cortexa9_0/libsrc/qspips_v3_1/src -s include  "SHELL=/bin/sh" "COMPILER=arm-xilinx-eabi-gcc" "ARCHIVER=arm-xilinx-eabi-ar" "COMPILER_FLAGS=  -O2 -c" "EXTRA_COMPILER_FLAGS=-g"
Running Make include in ps7_cortexa9_0/libsrc/dmaps_v2_1/src
make -C ps7_cortexa9_0/libsrc/dmaps_v2_1/src -s include  "SHELL=/bin/sh" "COMPILER=arm-xilinx-eabi-gcc" "ARCHIVER=arm-xilinx-eabi-ar" "COMPILER_FLAGS=  -O2 -c" "EXTRA_COMPILER_FLAGS=-g"
Running Make include in ps7_cortexa9_0/libsrc/standalone_v4_2/src
make -C ps7_cortexa9_0/libsrc/standalone_v4_2/src -s include  "SHELL=/bin/sh" "COMPILER=arm-xilinx-eabi-gcc" "ARCHIVER=arm-xilinx-eabi-ar" "COMPILER_FLAGS=  -O2 -c" "EXTRA_COMPILER_FLAGS=-g"
Running Make include in ps7_cortexa9_0/libsrc/myip_v1_0/src
make -C ps7_cortexa9_0/libsrc/myip_v1_0/src -s include  "SHELL=/bin/sh" "COMPILER=arm-xilinx-eabi-gcc" "ARCHIVER=arm-xilinx-eabi-ar" "COMPILER_FLAGS=  -O2 -c" "EXTRA_COMPILER_FLAGS=-g"
Running Make include in ps7_cortexa9_0/libsrc/usbps_v2_2/src
make -C ps7_cortexa9_0/libsrc/usbps_v2_2/src -s include  "SHELL=/bin/sh" "COMPILER=arm-xilinx-eabi-gcc" "ARCHIVER=arm-xilinx-eabi-ar" "COMPILER_FLAGS=  -O2 -c" "EXTRA_COMPILER_FLAGS=-g"
Running Make include in ps7_cortexa9_0/libsrc/bram_v4_0/src
make -C ps7_cortexa9_0/libsrc/bram_v4_0/src -s include  "SHELL=/bin/sh" "COMPILER=arm-xilinx-eabi-gcc" "ARCHIVER=arm-xilinx-eabi-ar" "COMPILER_FLAGS=  -O2 -c" "EXTRA_COMPILER_FLAGS=-g"
Running Make include in ps7_cortexa9_0/libsrc/gpiops_v2_2/src
make -C ps7_cortexa9_0/libsrc/gpiops_v2_2/src -s include  "SHELL=/bin/sh" "COMPILER=arm-xilinx-eabi-gcc" "ARCHIVER=arm-xilinx-eabi-ar" "COMPILER_FLAGS=  -O2 -c" "EXTRA_COMPILER_FLAGS=-g"
Running Make include in ps7_cortexa9_0/libsrc/emacps_v2_2/src
make -C ps7_cortexa9_0/libsrc/emacps_v2_2/src -s include  "SHELL=/bin/sh" "COMPILER=arm-xilinx-eabi-gcc" "ARCHIVER=arm-xilinx-eabi-ar" "COMPILER_FLAGS=  -O2 -c" "EXTRA_COMPILER_FLAGS=-g"
Running Make include in ps7_cortexa9_0/libsrc/xadcps_v2_1/src
make -C ps7_cortexa9_0/libsrc/xadcps_v2_1/src -s include  "SHELL=/bin/sh" "COMPILER=arm-xilinx-eabi-gcc" "ARCHIVER=arm-xilinx-eabi-ar" "COMPILER_FLAGS=  -O2 -c" "EXTRA_COMPILER_FLAGS=-g"
Running Make include in ps7_cortexa9_0/libsrc/cpu_cortexa9_v2_1/src
make -C ps7_cortexa9_0/libsrc/cpu_cortexa9_v2_1/src -s include  "SHELL=/bin/sh" "COMPILER=arm-xilinx-eabi-gcc" "ARCHIVER=arm-xilinx-eabi-ar" "COMPILER_FLAGS=  -O2 -c" "EXTRA_COMPILER_FLAGS=-g"
Running Make libs in ps7_cortexa9_0/libsrc/scutimer_v2_0/src
make -C ps7_cortexa9_0/libsrc/scutimer_v2_0/src -s libs  "SHELL=/bin/sh" "COMPILER=arm-xilinx-eabi-gcc" "ARCHIVER=arm-xilinx-eabi-ar" "COMPILER_FLAGS=  -O2 -c" "EXTRA_COMPILER_FLAGS=-g"
Compiling scutimer
arm-xilinx-eabi-ar: creating ../../../lib/libxil.a
Running Make libs in ps7_cortexa9_0/libsrc/ttcps_v2_0/src
make -C ps7_cortexa9_0/libsrc/ttcps_v2_0/src -s libs  "SHELL=/bin/sh" "COMPILER=arm-xilinx-eabi-gcc" "ARCHIVER=arm-xilinx-eabi-ar" "COMPILER_FLAGS=  -O2 -c" "EXTRA_COMPILER_FLAGS=-g"
Compiling ttcps
Running Make libs in ps7_cortexa9_0/libsrc/sdps_v2_3/src
make -C ps7_cortexa9_0/libsrc/sdps_v2_3/src -s libs  "SHELL=/bin/sh" "COMPILER=arm-xilinx-eabi-gcc" "ARCHIVER=arm-xilinx-eabi-ar" "COMPILER_FLAGS=  -O2 -c" "EXTRA_COMPILER_FLAGS=-g"
Compiling sdps
Running Make libs in ps7_cortexa9_0/libsrc/scuwdt_v2_0/src
make -C ps7_cortexa9_0/libsrc/scuwdt_v2_0/src -s libs  "SHELL=/bin/sh" "COMPILER=arm-xilinx-eabi-gcc" "ARCHIVER=arm-xilinx-eabi-ar" "COMPILER_FLAGS=  -O2 -c" "EXTRA_COMPILER_FLAGS=-g"
Compiling scuwdt
Running Make libs in ps7_cortexa9_0/libsrc/devcfg_v3_2/src
make -C ps7_cortexa9_0/libsrc/devcfg_v3_2/src -s libs  "SHELL=/bin/sh" "COMPILER=arm-xilinx-eabi-gcc" "ARCHIVER=arm-xilinx-eabi-ar" "COMPILER_FLAGS=  -O2 -c" "EXTRA_COMPILER_FLAGS=-g"
Compiling devcfg
Running Make libs in ps7_cortexa9_0/libsrc/uartps_v2_2/src
make -C ps7_cortexa9_0/libsrc/uartps_v2_2/src -s libs  "SHELL=/bin/sh" "COMPILER=arm-xilinx-eabi-gcc" "ARCHIVER=arm-xilinx-eabi-ar" "COMPILER_FLAGS=  -O2 -c" "EXTRA_COMPILER_FLAGS=-g"
Compiling uartps
Running Make libs in ps7_cortexa9_0/libsrc/scugic_v2_1/src
make -C ps7_cortexa9_0/libsrc/scugic_v2_1/src -s libs  "SHELL=/bin/sh" "COMPILER=arm-xilinx-eabi-gcc" "ARCHIVER=arm-xilinx-eabi-ar" "COMPILER_FLAGS=  -O2 -c" "EXTRA_COMPILER_FLAGS=-g"
Compiling scugic
Running Make libs in ps7_cortexa9_0/libsrc/qspips_v3_1/src
make -C ps7_cortexa9_0/libsrc/qspips_v3_1/src -s libs  "SHELL=/bin/sh" "COMPILER=arm-xilinx-eabi-gcc" "ARCHIVER=arm-xilinx-eabi-ar" "COMPILER_FLAGS=  -O2 -c" "EXTRA_COMPILER_FLAGS=-g"
Compiling qspips
Running Make libs in ps7_cortexa9_0/libsrc/dmaps_v2_1/src
make -C ps7_cortexa9_0/libsrc/dmaps_v2_1/src -s libs  "SHELL=/bin/sh" "COMPILER=arm-xilinx-eabi-gcc" "ARCHIVER=arm-xilinx-eabi-ar" "COMPILER_FLAGS=  -O2 -c" "EXTRA_COMPILER_FLAGS=-g"
Compiling dmaps
Running Make libs in ps7_cortexa9_0/libsrc/standalone_v4_2/src
make -C ps7_cortexa9_0/libsrc/standalone_v4_2/src -s libs  "SHELL=/bin/sh" "COMPILER=arm-xilinx-eabi-gcc" "ARCHIVER=arm-xilinx-eabi-ar" "COMPILER_FLAGS=  -O2 -c" "EXTRA_COMPILER_FLAGS=-g"
Compiling standalone
Running Make libs in ps7_cortexa9_0/libsrc/myip_v1_0/src
make -C ps7_cortexa9_0/libsrc/myip_v1_0/src -s libs  "SHELL=/bin/sh" "COMPILER=arm-xilinx-eabi-gcc" "ARCHIVER=arm-xilinx-eabi-ar" "COMPILER_FLAGS=  -O2 -c" "EXTRA_COMPILER_FLAGS=-g"
Compiling myip...
Running Make libs in ps7_cortexa9_0/libsrc/usbps_v2_2/src
make -C ps7_cortexa9_0/libsrc/usbps_v2_2/src -s libs  "SHELL=/bin/sh" "COMPILER=arm-xilinx-eabi-gcc" "ARCHIVER=arm-xilinx-eabi-ar" "COMPILER_FLAGS=  -O2 -c" "EXTRA_COMPILER_FLAGS=-g"
Compiling usbps
Running Make libs in ps7_cortexa9_0/libsrc/bram_v4_0/src
make -C ps7_cortexa9_0/libsrc/bram_v4_0/src -s libs  "SHELL=/bin/sh" "COMPILER=arm-xilinx-eabi-gcc" "ARCHIVER=arm-xilinx-eabi-ar" "COMPILER_FLAGS=  -O2 -c" "EXTRA_COMPILER_FLAGS=-g"
Compiling bram
Running Make libs in ps7_cortexa9_0/libsrc/gpiops_v2_2/src
make -C ps7_cortexa9_0/libsrc/gpiops_v2_2/src -s libs  "SHELL=/bin/sh" "COMPILER=arm-xilinx-eabi-gcc" "ARCHIVER=arm-xilinx-eabi-ar" "COMPILER_FLAGS=  -O2 -c" "EXTRA_COMPILER_FLAGS=-g"
Compiling gpiops
Running Make libs in ps7_cortexa9_0/libsrc/emacps_v2_2/src
make -C ps7_cortexa9_0/libsrc/emacps_v2_2/src -s libs  "SHELL=/bin/sh" "COMPILER=arm-xilinx-eabi-gcc" "ARCHIVER=arm-xilinx-eabi-ar" "COMPILER_FLAGS=  -O2 -c" "EXTRA_COMPILER_FLAGS=-g"
Compiling emacps
Running Make libs in ps7_cortexa9_0/libsrc/xadcps_v2_1/src
make -C ps7_cortexa9_0/libsrc/xadcps_v2_1/src -s libs  "SHELL=/bin/sh" "COMPILER=arm-xilinx-eabi-gcc" "ARCHIVER=arm-xilinx-eabi-ar" "COMPILER_FLAGS=  -O2 -c" "EXTRA_COMPILER_FLAGS=-g"
Compiling xadcps
Running Make libs in ps7_cortexa9_0/libsrc/cpu_cortexa9_v2_1/src
make -C ps7_cortexa9_0/libsrc/cpu_cortexa9_v2_1/src -s libs  "SHELL=/bin/sh" "COMPILER=arm-xilinx-eabi-gcc" "ARCHIVER=arm-xilinx-eabi-ar" "COMPILER_FLAGS=  -O2 -c" "EXTRA_COMPILER_FLAGS=-g"
Compiling cpu_cortexa9
Finished building libraries
11:14:49 **** Auto Build of configuration Debug for project sw ****
make all 
Building file: ../src/helloworld.c
Invoking: ARM gcc compiler
arm-xilinx-eabi-gcc -Wall -O0 -g3 -c -fmessage-length=0 -MT"src/helloworld.o" -I../../sw_bsp/ps7_cortexa9_0/include -MMD -MP -MF"src/helloworld.d" -MT"src/helloworld.d" -o "src/helloworld.o" "../src/helloworld.c"
../src/helloworld.c: In function 'main':
../src/helloworld.c:85:6: warning: implicit declaration of function 'xil_printf' [-Wimplicit-function-declaration]
      xil_printf("Needed time: %d\n\r", time2-time1);
      ^
../src/helloworld.c:86:6: warning: implicit declaration of function 'usleep' [-Wimplicit-function-declaration]
      usleep(10000);
      ^
Finished building: ../src/helloworld.c
 
Building file: ../src/platform.c
Invoking: ARM gcc compiler
arm-xilinx-eabi-gcc -Wall -O0 -g3 -c -fmessage-length=0 -MT"src/platform.o" -I../../sw_bsp/ps7_cortexa9_0/include -MMD -MP -MF"src/platform.d" -MT"src/platform.d" -o "src/platform.o" "../src/platform.c"
Finished building: ../src/platform.c
 
Building file: ../src/time_utils.c
Invoking: ARM gcc compiler
arm-xilinx-eabi-gcc -Wall -O0 -g3 -c -fmessage-length=0 -MT"src/time_utils.o" -I../../sw_bsp/ps7_cortexa9_0/include -MMD -MP -MF"src/time_utils.d" -MT"src/time_utils.d" -o "src/time_utils.o" "../src/time_utils.c"
Finished building: ../src/time_utils.c
 
Building target: sw.elf
Invoking: ARM gcc linker
arm-xilinx-eabi-gcc -Wl,-T -Wl,../src/lscript.ld -L../../sw_bsp/ps7_cortexa9_0/lib -o "sw.elf"  ./src/helloworld.o ./src/platform.o ./src/time_utils.o   -Wl,--start-group,-lxil,-lgcc,-lc,--end-group
Finished building target: sw.elf
 
Invoking: ARM Print Size
arm-xilinx-eabi-size sw.elf  |tee "sw.elf.size"
   text	   data	    bss	    dec	    hex	filename
  28220	   1152	  22556	  51928	   cad8	sw.elf
Finished building: sw.elf.size
 
11:14:59 **** Auto Build of project sw_bsp ****
make -k all 
Running Make include in ps7_cortexa9_0/libsrc/scutimer_v2_0/src
make -C ps7_cortexa9_0/libsrc/scutimer_v2_0/src -s include  "SHELL=/bin/sh" "COMPILER=arm-xilinx-eabi-gcc" "ARCHIVER=arm-xilinx-eabi-ar" "COMPILER_FLAGS=  -O2 -c" "EXTRA_COMPILER_FLAGS=-g"
Running Make include in ps7_cortexa9_0/libsrc/ttcps_v2_0/src
make -C ps7_cortexa9_0/libsrc/ttcps_v2_0/src -s include  "SHELL=/bin/sh" "COMPILER=arm-xilinx-eabi-gcc" "ARCHIVER=arm-xilinx-eabi-ar" "COMPILER_FLAGS=  -O2 -c" "EXTRA_COMPILER_FLAGS=-g"
Running Make include in ps7_cortexa9_0/libsrc/sdps_v2_3/src
make -C ps7_cortexa9_0/libsrc/sdps_v2_3/src -s include  "SHELL=/bin/sh" "COMPILER=arm-xilinx-eabi-gcc" "ARCHIVER=arm-xilinx-eabi-ar" "COMPILER_FLAGS=  -O2 -c" "EXTRA_COMPILER_FLAGS=-g"
Running Make include in ps7_cortexa9_0/libsrc/scuwdt_v2_0/src
make -C ps7_cortexa9_0/libsrc/scuwdt_v2_0/src -s include  "SHELL=/bin/sh" "COMPILER=arm-xilinx-eabi-gcc" "ARCHIVER=arm-xilinx-eabi-ar" "COMPILER_FLAGS=  -O2 -c" "EXTRA_COMPILER_FLAGS=-g"
Running Make include in ps7_cortexa9_0/libsrc/devcfg_v3_2/src
make -C ps7_cortexa9_0/libsrc/devcfg_v3_2/src -s include  "SHELL=/bin/sh" "COMPILER=arm-xilinx-eabi-gcc" "ARCHIVER=arm-xilinx-eabi-ar" "COMPILER_FLAGS=  -O2 -c" "EXTRA_COMPILER_FLAGS=-g"
Running Make include in ps7_cortexa9_0/libsrc/uartps_v2_2/src
make -C ps7_cortexa9_0/libsrc/uartps_v2_2/src -s include  "SHELL=/bin/sh" "COMPILER=arm-xilinx-eabi-gcc" "ARCHIVER=arm-xilinx-eabi-ar" "COMPILER_FLAGS=  -O2 -c" "EXTRA_COMPILER_FLAGS=-g"
Running Make include in ps7_cortexa9_0/libsrc/scugic_v2_1/src
make -C ps7_cortexa9_0/libsrc/scugic_v2_1/src -s include  "SHELL=/bin/sh" "COMPILER=arm-xilinx-eabi-gcc" "ARCHIVER=arm-xilinx-eabi-ar" "COMPILER_FLAGS=  -O2 -c" "EXTRA_COMPILER_FLAGS=-g"
Running Make include in ps7_cortexa9_0/libsrc/qspips_v3_1/src
make -C ps7_cortexa9_0/libsrc/qspips_v3_1/src -s include  "SHELL=/bin/sh" "COMPILER=arm-xilinx-eabi-gcc" "ARCHIVER=arm-xilinx-eabi-ar" "COMPILER_FLAGS=  -O2 -c" "EXTRA_COMPILER_FLAGS=-g"
Running Make include in ps7_cortexa9_0/libsrc/dmaps_v2_1/src
make -C ps7_cortexa9_0/libsrc/dmaps_v2_1/src -s include  "SHELL=/bin/sh" "COMPILER=arm-xilinx-eabi-gcc" "ARCHIVER=arm-xilinx-eabi-ar" "COMPILER_FLAGS=  -O2 -c" "EXTRA_COMPILER_FLAGS=-g"
Running Make include in ps7_cortexa9_0/libsrc/standalone_v4_2/src
make -C ps7_cortexa9_0/libsrc/standalone_v4_2/src -s include  "SHELL=/bin/sh" "COMPILER=arm-xilinx-eabi-gcc" "ARCHIVER=arm-xilinx-eabi-ar" "COMPILER_FLAGS=  -O2 -c" "EXTRA_COMPILER_FLAGS=-g"
Running Make include in ps7_cortexa9_0/libsrc/myip_v1_0/src
make -C ps7_cortexa9_0/libsrc/myip_v1_0/src -s include  "SHELL=/bin/sh" "COMPILER=arm-xilinx-eabi-gcc" "ARCHIVER=arm-xilinx-eabi-ar" "COMPILER_FLAGS=  -O2 -c" "EXTRA_COMPILER_FLAGS=-g"
Running Make include in ps7_cortexa9_0/libsrc/usbps_v2_2/src
make -C ps7_cortexa9_0/libsrc/usbps_v2_2/src -s include  "SHELL=/bin/sh" "COMPILER=arm-xilinx-eabi-gcc" "ARCHIVER=arm-xilinx-eabi-ar" "COMPILER_FLAGS=  -O2 -c" "EXTRA_COMPILER_FLAGS=-g"
Running Make include in ps7_cortexa9_0/libsrc/bram_v4_0/src
make -C ps7_cortexa9_0/libsrc/bram_v4_0/src -s include  "SHELL=/bin/sh" "COMPILER=arm-xilinx-eabi-gcc" "ARCHIVER=arm-xilinx-eabi-ar" "COMPILER_FLAGS=  -O2 -c" "EXTRA_COMPILER_FLAGS=-g"
Running Make include in ps7_cortexa9_0/libsrc/gpiops_v2_2/src
make -C ps7_cortexa9_0/libsrc/gpiops_v2_2/src -s include  "SHELL=/bin/sh" "COMPILER=arm-xilinx-eabi-gcc" "ARCHIVER=arm-xilinx-eabi-ar" "COMPILER_FLAGS=  -O2 -c" "EXTRA_COMPILER_FLAGS=-g"
Running Make include in ps7_cortexa9_0/libsrc/emacps_v2_2/src
make -C ps7_cortexa9_0/libsrc/emacps_v2_2/src -s include  "SHELL=/bin/sh" "COMPILER=arm-xilinx-eabi-gcc" "ARCHIVER=arm-xilinx-eabi-ar" "COMPILER_FLAGS=  -O2 -c" "EXTRA_COMPILER_FLAGS=-g"
Running Make include in ps7_cortexa9_0/libsrc/xadcps_v2_1/src
make -C ps7_cortexa9_0/libsrc/xadcps_v2_1/src -s include  "SHELL=/bin/sh" "COMPILER=arm-xilinx-eabi-gcc" "ARCHIVER=arm-xilinx-eabi-ar" "COMPILER_FLAGS=  -O2 -c" "EXTRA_COMPILER_FLAGS=-g"
Running Make include in ps7_cortexa9_0/libsrc/cpu_cortexa9_v2_1/src
make -C ps7_cortexa9_0/libsrc/cpu_cortexa9_v2_1/src -s include  "SHELL=/bin/sh" "COMPILER=arm-xilinx-eabi-gcc" "ARCHIVER=arm-xilinx-eabi-ar" "COMPILER_FLAGS=  -O2 -c" "EXTRA_COMPILER_FLAGS=-g"
Running Make libs in ps7_cortexa9_0/libsrc/scutimer_v2_0/src
make -C ps7_cortexa9_0/libsrc/scutimer_v2_0/src -s libs  "SHELL=/bin/sh" "COMPILER=arm-xilinx-eabi-gcc" "ARCHIVER=arm-xilinx-eabi-ar" "COMPILER_FLAGS=  -O2 -c" "EXTRA_COMPILER_FLAGS=-g"
Compiling scutimer
Running Make libs in ps7_cortexa9_0/libsrc/ttcps_v2_0/src
make -C ps7_cortexa9_0/libsrc/ttcps_v2_0/src -s libs  "SHELL=/bin/sh" "COMPILER=arm-xilinx-eabi-gcc" "ARCHIVER=arm-xilinx-eabi-ar" "COMPILER_FLAGS=  -O2 -c" "EXTRA_COMPILER_FLAGS=-g"
Compiling ttcps
Running Make libs in ps7_cortexa9_0/libsrc/sdps_v2_3/src
make -C ps7_cortexa9_0/libsrc/sdps_v2_3/src -s libs  "SHELL=/bin/sh" "COMPILER=arm-xilinx-eabi-gcc" "ARCHIVER=arm-xilinx-eabi-ar" "COMPILER_FLAGS=  -O2 -c" "EXTRA_COMPILER_FLAGS=-g"
Compiling sdps
Running Make libs in ps7_cortexa9_0/libsrc/scuwdt_v2_0/src
make -C ps7_cortexa9_0/libsrc/scuwdt_v2_0/src -s libs  "SHELL=/bin/sh" "COMPILER=arm-xilinx-eabi-gcc" "ARCHIVER=arm-xilinx-eabi-ar" "COMPILER_FLAGS=  -O2 -c" "EXTRA_COMPILER_FLAGS=-g"
Compiling scuwdt
Running Make libs in ps7_cortexa9_0/libsrc/devcfg_v3_2/src
make -C ps7_cortexa9_0/libsrc/devcfg_v3_2/src -s libs  "SHELL=/bin/sh" "COMPILER=arm-xilinx-eabi-gcc" "ARCHIVER=arm-xilinx-eabi-ar" "COMPILER_FLAGS=  -O2 -c" "EXTRA_COMPILER_FLAGS=-g"
Compiling devcfg
Running Make libs in ps7_cortexa9_0/libsrc/uartps_v2_2/src
make -C ps7_cortexa9_0/libsrc/uartps_v2_2/src -s libs  "SHELL=/bin/sh" "COMPILER=arm-xilinx-eabi-gcc" "ARCHIVER=arm-xilinx-eabi-ar" "COMPILER_FLAGS=  -O2 -c" "EXTRA_COMPILER_FLAGS=-g"
Compiling uartps
Running Make libs in ps7_cortexa9_0/libsrc/scugic_v2_1/src
make -C ps7_cortexa9_0/libsrc/scugic_v2_1/src -s libs  "SHELL=/bin/sh" "COMPILER=arm-xilinx-eabi-gcc" "ARCHIVER=arm-xilinx-eabi-ar" "COMPILER_FLAGS=  -O2 -c" "EXTRA_COMPILER_FLAGS=-g"
Compiling scugic
Running Make libs in ps7_cortexa9_0/libsrc/qspips_v3_1/src
make -C ps7_cortexa9_0/libsrc/qspips_v3_1/src -s libs  "SHELL=/bin/sh" "COMPILER=arm-xilinx-eabi-gcc" "ARCHIVER=arm-xilinx-eabi-ar" "COMPILER_FLAGS=  -O2 -c" "EXTRA_COMPILER_FLAGS=-g"
Compiling qspips
Running Make libs in ps7_cortexa9_0/libsrc/dmaps_v2_1/src
make -C ps7_cortexa9_0/libsrc/dmaps_v2_1/src -s libs  "SHELL=/bin/sh" "COMPILER=arm-xilinx-eabi-gcc" "ARCHIVER=arm-xilinx-eabi-ar" "COMPILER_FLAGS=  -O2 -c" "EXTRA_COMPILER_FLAGS=-g"
Compiling dmaps
Running Make libs in ps7_cortexa9_0/libsrc/standalone_v4_2/src
make -C ps7_cortexa9_0/libsrc/standalone_v4_2/src -s libs  "SHELL=/bin/sh" "COMPILER=arm-xilinx-eabi-gcc" "ARCHIVER=arm-xilinx-eabi-ar" "COMPILER_FLAGS=  -O2 -c" "EXTRA_COMPILER_FLAGS=-g"
Compiling standalone
Running Make libs in ps7_cortexa9_0/libsrc/myip_v1_0/src
make -C ps7_cortexa9_0/libsrc/myip_v1_0/src -s libs  "SHELL=/bin/sh" "COMPILER=arm-xilinx-eabi-gcc" "ARCHIVER=arm-xilinx-eabi-ar" "COMPILER_FLAGS=  -O2 -c" "EXTRA_COMPILER_FLAGS=-g"
Compiling myip...
Running Make libs in ps7_cortexa9_0/libsrc/usbps_v2_2/src
make -C ps7_cortexa9_0/libsrc/usbps_v2_2/src -s libs  "SHELL=/bin/sh" "COMPILER=arm-xilinx-eabi-gcc" "ARCHIVER=arm-xilinx-eabi-ar" "COMPILER_FLAGS=  -O2 -c" "EXTRA_COMPILER_FLAGS=-g"
Compiling usbps
Running Make libs in ps7_cortexa9_0/libsrc/bram_v4_0/src
make -C ps7_cortexa9_0/libsrc/bram_v4_0/src -s libs  "SHELL=/bin/sh" "COMPILER=arm-xilinx-eabi-gcc" "ARCHIVER=arm-xilinx-eabi-ar" "COMPILER_FLAGS=  -O2 -c" "EXTRA_COMPILER_FLAGS=-g"
Compiling bram
Running Make libs in ps7_cortexa9_0/libsrc/gpiops_v2_2/src
make -C ps7_cortexa9_0/libsrc/gpiops_v2_2/src -s libs  "SHELL=/bin/sh" "COMPILER=arm-xilinx-eabi-gcc" "ARCHIVER=arm-xilinx-eabi-ar" "COMPILER_FLAGS=  -O2 -c" "EXTRA_COMPILER_FLAGS=-g"
Compiling gpiops
Running Make libs in ps7_cortexa9_0/libsrc/emacps_v2_2/src
make -C ps7_cortexa9_0/libsrc/emacps_v2_2/src -s libs  "SHELL=/bin/sh" "COMPILER=arm-xilinx-eabi-gcc" "ARCHIVER=arm-xilinx-eabi-ar" "COMPILER_FLAGS=  -O2 -c" "EXTRA_COMPILER_FLAGS=-g"
Compiling emacps
Running Make libs in ps7_cortexa9_0/libsrc/xadcps_v2_1/src
make -C ps7_cortexa9_0/libsrc/xadcps_v2_1/src -s libs  "SHELL=/bin/sh" "COMPILER=arm-xilinx-eabi-gcc" "ARCHIVER=arm-xilinx-eabi-ar" "COMPILER_FLAGS=  -O2 -c" "EXTRA_COMPILER_FLAGS=-g"
Compiling xadcps
Running Make libs in ps7_cortexa9_0/libsrc/cpu_cortexa9_v2_1/src
make -C ps7_cortexa9_0/libsrc/cpu_cortexa9_v2_1/src -s libs  "SHELL=/bin/sh" "COMPILER=arm-xilinx-eabi-gcc" "ARCHIVER=arm-xilinx-eabi-ar" "COMPILER_FLAGS=  -O2 -c" "EXTRA_COMPILER_FLAGS=-g"
Compiling cpu_cortexa9
Finished building libraries
11:15:36 **** Auto Build of project sw_bsp ****
make -k all 
Running Make include in ps7_cortexa9_0/libsrc/scutimer_v2_0/src
make -C ps7_cortexa9_0/libsrc/scutimer_v2_0/src -s include  "SHELL=/bin/sh" "COMPILER=arm-xilinx-eabi-gcc" "ARCHIVER=arm-xilinx-eabi-ar" "COMPILER_FLAGS=  -O2 -c" "EXTRA_COMPILER_FLAGS=-g"
Running Make include in ps7_cortexa9_0/libsrc/ttcps_v2_0/src
make -C ps7_cortexa9_0/libsrc/ttcps_v2_0/src -s include  "SHELL=/bin/sh" "COMPILER=arm-xilinx-eabi-gcc" "ARCHIVER=arm-xilinx-eabi-ar" "COMPILER_FLAGS=  -O2 -c" "EXTRA_COMPILER_FLAGS=-g"
Running Make include in ps7_cortexa9_0/libsrc/sdps_v2_3/src
make -C ps7_cortexa9_0/libsrc/sdps_v2_3/src -s include  "SHELL=/bin/sh" "COMPILER=arm-xilinx-eabi-gcc" "ARCHIVER=arm-xilinx-eabi-ar" "COMPILER_FLAGS=  -O2 -c" "EXTRA_COMPILER_FLAGS=-g"
Running Make include in ps7_cortexa9_0/libsrc/scuwdt_v2_0/src
make -C ps7_cortexa9_0/libsrc/scuwdt_v2_0/src -s include  "SHELL=/bin/sh" "COMPILER=arm-xilinx-eabi-gcc" "ARCHIVER=arm-xilinx-eabi-ar" "COMPILER_FLAGS=  -O2 -c" "EXTRA_COMPILER_FLAGS=-g"
Running Make include in ps7_cortexa9_0/libsrc/devcfg_v3_2/src
make -C ps7_cortexa9_0/libsrc/devcfg_v3_2/src -s include  "SHELL=/bin/sh" "COMPILER=arm-xilinx-eabi-gcc" "ARCHIVER=arm-xilinx-eabi-ar" "COMPILER_FLAGS=  -O2 -c" "EXTRA_COMPILER_FLAGS=-g"
Running Make include in ps7_cortexa9_0/libsrc/uartps_v2_2/src
[...]
  char cnt1_th, cnt1_ce, cnt2_th, cnt2_ce,cnt3_th, cnt3_ce,cnt4_th, cnt4_ce,cnt5_th, cnt5_ce;
                                                   ^
../src/helloworld.c:117:42: warning: variable 'cnt3_th' set but not used [-Wunused-but-set-variable]
  char cnt1_th, cnt1_ce, cnt2_th, cnt2_ce,cnt3_th, cnt3_ce,cnt4_th, cnt4_ce,cnt5_th, cnt5_ce;
                                          ^
../src/helloworld.c:117:34: warning: variable 'cnt2_ce' set but not used [-Wunused-but-set-variable]
  char cnt1_th, cnt1_ce, cnt2_th, cnt2_ce,cnt3_th, cnt3_ce,cnt4_th, cnt4_ce,cnt5_th, cnt5_ce;
                                  ^
../src/helloworld.c:117:25: warning: variable 'cnt2_th' set but not used [-Wunused-but-set-variable]
  char cnt1_th, cnt1_ce, cnt2_th, cnt2_ce,cnt3_th, cnt3_ce,cnt4_th, cnt4_ce,cnt5_th, cnt5_ce;
                         ^
../src/helloworld.c:117:16: warning: variable 'cnt1_ce' set but not used [-Wunused-but-set-variable]
  char cnt1_th, cnt1_ce, cnt2_th, cnt2_ce,cnt3_th, cnt3_ce,cnt4_th, cnt4_ce,cnt5_th, cnt5_ce;
                ^
../src/helloworld.c:117:7: warning: variable 'cnt1_th' set but not used [-Wunused-but-set-variable]
  char cnt1_th, cnt1_ce, cnt2_th, cnt2_ce,cnt3_th, cnt3_ce,cnt4_th, cnt4_ce,cnt5_th, cnt5_ce;
       ^
../src/helloworld.c:114:21: warning: unused variable 'reg1' [-Wunused-variable]
  unsigned int reg0, reg1, reg2;
                     ^
../src/helloworld.c:114:15: warning: unused variable 'reg0' [-Wunused-variable]
  unsigned int reg0, reg1, reg2;
               ^
../src/helloworld.c:90:26: warning: variable 'time_hw2' set but not used [-Wunused-but-set-variable]
  unsigned long time_hw1, time_hw2;
                          ^
../src/helloworld.c:90:16: warning: variable 'time_hw1' set but not used [-Wunused-but-set-variable]
  unsigned long time_hw1, time_hw2;
                ^
Finished building: ../src/helloworld.c
 
Building target: sw.elf
Invoking: ARM gcc linker
arm-xilinx-eabi-gcc -Wl,-T -Wl,../src/lscript.ld -L../../sw_bsp/ps7_cortexa9_0/lib -o "sw.elf"  ./src/helloworld.o ./src/platform.o ./src/time_utils.o   -Wl,--start-group,-lxil,-lgcc,-lc,--end-group
Finished building target: sw.elf
 
Invoking: ARM Print Size
arm-xilinx-eabi-size sw.elf  |tee "sw.elf.size"
   text	   data	    bss	    dec	    hex	filename
  30668	   1152	  22556	  54376	   d468	sw.elf
Finished building: sw.elf.size
 
10:15:55 **** Incremental Build of configuration Debug for project sw ****
make all 
make: Nothing to be done for 'all'.
10:16:17 **** Incremental Build of configuration Debug for project sw ****
make all 
make: Nothing to be done for 'all'.
10:17:18 **** Auto Build of configuration Debug for project sw ****
make all 
Building file: ../src/helloworld.c
Invoking: ARM gcc compiler
arm-xilinx-eabi-gcc -Wall -O0 -g3 -c -fmessage-length=0 -MT"src/helloworld.o" -I../../sw_bsp/ps7_cortexa9_0/include -MMD -MP -MF"src/helloworld.d" -MT"src/helloworld.d" -o "src/helloworld.o" "../src/helloworld.c"
../src/helloworld.c: In function 'main':
../src/helloworld.c:99:2: warning: implicit declaration of function 'memcpy' [-Wimplicit-function-declaration]
  memcpy(bram_a, &a[0], 1024*sizeof(float));
  ^
../src/helloworld.c:99:2: warning: incompatible implicit declaration of built-in function 'memcpy' [enabled by default]
../src/helloworld.c:122:2: warning: implicit declaration of function 'Xil_In32' [-Wimplicit-function-declaration]
  reg2 = MYIP_mReadReg(XPAR_MYIP_0_S_AXI_BASEADDR, MYIP_S_AXI_SLV_REG2_OFFSET);
  ^
../src/helloworld.c:146:3: warning: implicit declaration of function 'Xil_Out32' [-Wimplicit-function-declaration]
   MYIP_mWriteReg(XPAR_MYIP_0_S_AXI_BASEADDR, MYIP_S_AXI_SLV_REG0_OFFSET, 0x00000001);
   ^
../src/helloworld.c:154:3: warning: implicit declaration of function 'xil_printf' [-Wimplicit-function-declaration]
   xil_printf("reg2: %x\n\r", reg2);
   ^
../src/helloworld.c:184:3: warning: implicit declaration of function 'usleep' [-Wimplicit-function-declaration]
   usleep(1000);
   ^
../src/helloworld.c:114:21: warning: unused variable 'reg1' [-Wunused-variable]
  unsigned int reg0, reg1, reg2;
                     ^
../src/helloworld.c:114:15: warning: unused variable 'reg0' [-Wunused-variable]
  unsigned int reg0, reg1, reg2;
               ^
../src/helloworld.c:90:26: warning: variable 'time_hw2' set but not used [-Wunused-but-set-variable]
  unsigned long time_hw1, time_hw2;
                          ^
../src/helloworld.c:90:16: warning: variable 'time_hw1' set but not used [-Wunused-but-set-variable]
  unsigned long time_hw1, time_hw2;
                ^
Finished building: ../src/helloworld.c
 
Building target: sw.elf
Invoking: ARM gcc linker
arm-xilinx-eabi-gcc -Wl,-T -Wl,../src/lscript.ld -L../../sw_bsp/ps7_cortexa9_0/lib -o "sw.elf"  ./src/helloworld.o ./src/platform.o ./src/time_utils.o   -Wl,--start-group,-lxil,-lgcc,-lc,--end-group
Finished building target: sw.elf
 
Invoking: ARM Print Size
arm-xilinx-eabi-size sw.elf  |tee "sw.elf.size"
   text	   data	    bss	    dec	    hex	filename
  30940	   1152	  22556	  54648	   d578	sw.elf
Finished building: sw.elf.size
 
10:17:19 **** Incremental Build of configuration Debug for project sw ****
make all 
make: Nothing to be done for 'all'.
10:17:51 **** Incremental Build of configuration Debug for project sw ****
make all 
make: Nothing to be done for 'all'.
10:22:03 **** Auto Build of configuration Debug for project sw ****
make all 
Building file: ../src/helloworld.c
Invoking: ARM gcc compiler
arm-xilinx-eabi-gcc -Wall -O0 -g3 -c -fmessage-length=0 -MT"src/helloworld.o" -I../../sw_bsp/ps7_cortexa9_0/include -MMD -MP -MF"src/helloworld.d" -MT"src/helloworld.d" -o "src/helloworld.o" "../src/helloworld.c"
../src/helloworld.c: In function 'main':
../src/helloworld.c:99:2: warning: implicit declaration of function 'memcpy' [-Wimplicit-function-declaration]
  memcpy(bram_a, &a[0], 1024*sizeof(float));
  ^
../src/helloworld.c:99:2: warning: incompatible implicit declaration of built-in function 'memcpy' [enabled by default]
../src/helloworld.c:122:2: warning: implicit declaration of function 'Xil_In32' [-Wimplicit-function-declaration]
  reg2 = MYIP_mReadReg(XPAR_MYIP_0_S_AXI_BASEADDR, MYIP_S_AXI_SLV_REG2_OFFSET);
  ^
../src/helloworld.c:124:2: warning: implicit declaration of function 'xil_printf' [-Wimplicit-function-declaration]
  xil_printf("reg2: %x\n\r", reg2);
  ^
../src/helloworld.c:147:3: warning: implicit declaration of function 'Xil_Out32' [-Wimplicit-function-declaration]
   MYIP_mWriteReg(XPAR_MYIP_0_S_AXI_BASEADDR, MYIP_S_AXI_SLV_REG0_OFFSET, 0x00000001);
   ^
../src/helloworld.c:196:3: warning: implicit declaration of function 'usleep' [-Wimplicit-function-declaration]
   usleep(10000);
   ^
../src/helloworld.c:114:21: warning: unused variable 'reg1' [-Wunused-variable]
  unsigned int reg0, reg1, reg2;
                     ^
../src/helloworld.c:114:15: warning: unused variable 'reg0' [-Wunused-variable]
  unsigned int reg0, reg1, reg2;
               ^
../src/helloworld.c:90:26: warning: variable 'time_hw2' set but not used [-Wunused-but-set-variable]
  unsigned long time_hw1, time_hw2;
                          ^
../src/helloworld.c:90:16: warning: variable 'time_hw1' set but not used [-Wunused-but-set-variable]
  unsigned long time_hw1, time_hw2;
                ^
Finished building: ../src/helloworld.c
 
Building target: sw.elf
Invoking: ARM gcc linker
arm-xilinx-eabi-gcc -Wl,-T -Wl,../src/lscript.ld -L../../sw_bsp/ps7_cortexa9_0/lib -o "sw.elf"  ./src/helloworld.o ./src/platform.o ./src/time_utils.o   -Wl,--start-group,-lxil,-lgcc,-lc,--end-group
Finished building target: sw.elf
 
Invoking: ARM Print Size
arm-xilinx-eabi-size sw.elf  |tee "sw.elf.size"
   text	   data	    bss	    dec	    hex	filename
  31004	   1152	  22556	  54712	   d5b8	sw.elf
Finished building: sw.elf.size
 
10:22:25 **** Incremental Build of configuration Debug for project sw ****
make all 
make: Nothing to be done for 'all'.
10:22:51 **** Incremental Build of configuration Debug for project sw ****
make all 
make: Nothing to be done for 'all'.
10:22:59 **** Incremental Build of configuration Debug for project sw ****
make all 
make: Nothing to be done for 'all'.
10:23:55 **** Incremental Build of configuration Debug for project sw ****
make all 
make: Nothing to be done for 'all'.
10:24:06 **** Incremental Build of configuration Debug for project sw ****
make all 
make: Nothing to be done for 'all'.
10:24:25 **** Incremental Build of configuration Debug for project sw ****
make all 
make: Nothing to be done for 'all'.
10:25:53 **** Auto Build of configuration Debug for project sw ****
make all 
Building file: ../src/helloworld.c
Invoking: ARM gcc compiler
arm-xilinx-eabi-gcc -Wall -O0 -g3 -c -fmessage-length=0 -MT"src/helloworld.o" -I../../sw_bsp/ps7_cortexa9_0/include -MMD -MP -MF"src/helloworld.d" -MT"src/helloworld.d" -o "src/helloworld.o" "../src/helloworld.c"
../src/helloworld.c: In function 'main':
../src/helloworld.c:99:2: warning: implicit declaration of function 'memcpy' [-Wimplicit-function-declaration]
  memcpy(bram_a, &a[0], 1024*sizeof(float));
  ^
../src/helloworld.c:99:2: warning: incompatible implicit declaration of built-in function 'memcpy' [enabled by default]
../src/helloworld.c:123:2: warning: implicit declaration of function 'XUartPs_IsReceiveData' [-Wimplicit-function-declaration]
  while (!XUartPs_IsReceiveData(STDIN_BASEADDRESS));
  ^
../src/helloworld.c:124:3: warning: implicit declaration of function 'XUartPs_ReadReg' [-Wimplicit-function-declaration]
   byte = XUartPs_ReadReg(STDIN_BASEADDRESS,
   ^
../src/helloworld.c:125:12: error: 'XUARTPS_FIFO_OFFSET' undeclared (first use in this function)
            XUARTPS_FIFO_OFFSET);
            ^
../src/helloworld.c:125:12: note: each undeclared identifier is reported only once for each function it appears in
../src/helloworld.c:126:3: warning: implicit declaration of function 'XUartPs_Send' [-Wimplicit-function-declaration]
   XUartPs_Send(&Uart_PS, &byte, 1);
src/subdir.mk:27: recipe for target 'src/helloworld.o' failed
   ^
../src/helloworld.c:126:17: error: 'Uart_PS' undeclared (first use in this function)
   XUartPs_Send(&Uart_PS, &byte, 1);
                 ^
../src/helloworld.c:128:2: warning: implicit declaration of function 'Xil_In32' [-Wimplicit-function-declaration]
  reg2 = MYIP_mReadReg(XPAR_MYIP_0_S_AXI_BASEADDR, MYIP_S_AXI_SLV_REG2_OFFSET);
  ^
../src/helloworld.c:130:2: warning: implicit declaration of function 'xil_printf' [-Wimplicit-function-declaration]
  xil_printf("reg2: %x\n\r", reg2);
  ^
../src/helloworld.c:153:3: warning: implicit declaration of function 'Xil_Out32' [-Wimplicit-function-declaration]
   MYIP_mWriteReg(XPAR_MYIP_0_S_AXI_BASEADDR, MYIP_S_AXI_SLV_REG0_OFFSET, 0x00000001);
   ^
../src/helloworld.c:202:3: warning: implicit declaration of function 'usleep' [-Wimplicit-function-declaration]
   usleep(10000);
   ^
../src/helloworld.c:114:21: warning: unused variable 'reg1' [-Wunused-variable]
  unsigned int reg0, reg1, reg2;
                     ^
../src/helloworld.c:114:15: warning: unused variable 'reg0' [-Wunused-variable]
  unsigned int reg0, reg1, reg2;
               ^
../src/helloworld.c:90:26: warning: variable 'time_hw2' set but not used [-Wunused-but-set-variable]
  unsigned long time_hw1, time_hw2;
                          ^
../src/helloworld.c:90:16: warning: variable 'time_hw1' set but not used [-Wunused-but-set-variable]
  unsigned long time_hw1, time_hw2;
                ^
make: *** [src/helloworld.o] Error 1
10:25:56 **** Incremental Build of configuration Debug for project sw ****
make all 
Building file: ../src/helloworld.c
Invoking: ARM gcc compiler
arm-xilinx-eabi-gcc -Wall -O0 -g3 -c -fmessage-length=0 -MT"src/helloworld.o" -I../../sw_bsp/ps7_cortexa9_0/include -MMD -MP -MF"src/helloworld.d" -MT"src/helloworld.d" -o "src/helloworld.o" "../src/helloworld.c"
../src/helloworld.c: In function 'main':
../src/helloworld.c:99:2: warning: implicit declaration of function 'memcpy' [-Wimplicit-function-declaration]
  memcpy(bram_a, &a[0], 1024*sizeof(float));
  ^
../src/helloworld.c:99:2: warning: incompatible implicit declaration of built-in function 'memcpy' [enabled by default]
../src/helloworld.c:123:2: warning: implicit declaration of function 'XUartPs_IsReceiveData' [-Wimplicit-function-declaration]
  while (!XUartPs_IsReceiveData(STDIN_BASEADDRESS));
  ^
../src/helloworld.c:124:3: warning: implicit declaration of function 'XUartPs_ReadReg' [-Wimplicit-function-declaration]
   byte = XUartPs_ReadReg(STDIN_BASEADDRESS,
   ^
../src/helloworld.c:125:12: error: 'XUARTPS_FIFO_OFFSET' undeclared (first use in this function)
            XUARTPS_FIFO_OFFSET);
            ^
../src/helloworld.c:125:12: note: each undeclared identifier is reported only once for each function it appears in
../src/helloworld.c:126:3: warning: implicit declaration of function 'XUartPs_Send' [-Wimplicit-function-declaration]
   XUartPs_Send(&Uart_PS, &byte, 1);
   ^
../src/helloworld.c:126:17: error: 'Uart_PS' undeclared (first use in this function)
   XUartPs_Send(&Uart_PS, &byte, 1);
                 ^
../src/helloworld.c:128:2: warning: implicit declaration of function 'Xil_In32' [-Wimplicit-function-declaration]
  reg2 = MYIP_mReadReg(XPAR_MYIP_0_S_AXI_BASEADDR, MYIP_S_AXI_SLV_REG2_OFFSET);
  ^
../src/helloworld.c:130:2: warning: implicit declaration of function 'xil_printf' [-Wimplicit-function-declaration]
  xil_printf("reg2: %x\n\r", reg2);
  ^
../src/helloworld.c:153:3: warning: implicit declaration of function 'Xil_Out32' [-Wimplicit-function-declaration]
   MYIP_mWriteReg(XPAR_MYIP_0_S_AXI_BASEADDR, MYIP_S_AXI_SLV_REG0_OFFSET, 0x00000001);
src/subdir.mk:27: recipe for target 'src/helloworld.o' failed
   ^
../src/helloworld.c:202:3: warning: implicit declaration of function 'usleep' [-Wimplicit-function-declaration]
   usleep(10000);
   ^
../src/helloworld.c:114:21: warning: unused variable 'reg1' [-Wunused-variable]
  unsigned int reg0, reg1, reg2;
                     ^
../src/helloworld.c:114:15: warning: unused variable 'reg0' [-Wunused-variable]
  unsigned int reg0, reg1, reg2;
               ^
../src/helloworld.c:90:26: warning: variable 'time_hw2' set but not used [-Wunused-but-set-variable]
  unsigned long time_hw1, time_hw2;
                          ^
../src/helloworld.c:90:16: warning: variable 'time_hw1' set but not used [-Wunused-but-set-variable]
  unsigned long time_hw1, time_hw2;
                ^
make: *** [src/helloworld.o] Error 1
10:27:36 **** Auto Build of configuration Debug for project sw ****
make all 
Building file: ../src/helloworld.c
Invoking: ARM gcc compiler
arm-xilinx-eabi-gcc -Wall -O0 -g3 -c -fmessage-length=0 -MT"src/helloworld.o" -I../../sw_bsp/ps7_cortexa9_0/include -MMD -MP -MF"src/helloworld.d" -MT"src/helloworld.d" -o "src/helloworld.o" "../src/helloworld.c"
../src/helloworld.c:77:6: error: conflicting types for 'print'
 void print(char *str);
      ^
In file included from ../../sw_bsp/ps7_cortexa9_0/include/xil_io.h:65:0,
                 from ../../sw_bsp/ps7_cortexa9_0/include/xuartps_hw.h:69,
                 from ../../sw_bsp/ps7_cortexa9_0/include/xuartps.h:172,
                 from ../src/helloworld.c:52:
../../sw_bsp/ps7_cortexa9_0/include/xil_printf.h:39:6: note: previous declaration of 'print' was here
 void print( const char *ptr);
      ^
../src/helloworld.c: In function 'main':
../src/helloworld.c:127:17: error: 'Uart_PS' undeclared (first use in this function)
   XUartPs_Send(&Uart_PS, &byte, 1);
                 ^
../src/helloworld.c:127:17: note: each undeclared identifier is reported only once for each function it appears in
../src/helloworld.c:203:3: warning: implicit declaration of function 'usleep' [-Wimplicit-function-declaration]
   usleep(10000);
   ^
../src/helloworld.c:115:21: warning: unused variable 'reg1' [-Wunused-variable]
  unsigned int reg0, reg1, reg2;
                     ^
../src/helloworld.c:115:15: warning: unused variable 'reg0' [-Wunused-variable]
  unsigned int reg0, reg1, reg2;
               ^
../src/helloworld.c:91:26: warning: variable 'time_hw2' set but not used [-Wunused-but-set-variable]
  unsigned long time_hw1, time_hw2;
                          ^
../src/helloworld.c:91:16: warning: variable 'time_hw1' set but not used [-Wunused-but-set-variable]
  unsigned long time_hw1, time_hw2;
                ^
src/subdir.mk:27: recipe for target 'src/helloworld.o' failed
make: *** [src/helloworld.o] Error 1
10:28:32 **** Auto Build of configuration Debug for project sw ****
make all 
Building file: ../src/helloworld.c
Invoking: ARM gcc compiler
arm-xilinx-eabi-gcc -Wall -O0 -g3 -c -fmessage-length=0 -MT"src/helloworld.o" -I../../sw_bsp/ps7_cortexa9_0/include -MMD -MP -MF"src/helloworld.d" -MT"src/helloworld.d" -o "src/helloworld.o" "../src/helloworld.c"
../src/helloworld.c:80:6: error: conflicting types for 'print'
 void print(char *str);
      ^
In file included from ../../sw_bsp/ps7_cortexa9_0/include/xil_io.h:65:0,
                 from ../../sw_bsp/ps7_cortexa9_0/include/xuartps_hw.h:69,
                 from ../../sw_bsp/ps7_cortexa9_0/include/xuartps.h:172,
                 from ../src/helloworld.c:52:
../../sw_bsp/ps7_cortexa9_0/include/xil_printf.h:39:6: note: previous declaration of 'print' was here
 void print( const char *ptr);
      ^
../src/helloworld.c: In function 'main':
../src/helloworld.c:206:3: warning: implicit declaration of function 'usleep' [-Wimplicit-function-declaration]
   usleep(10000);
   ^
../src/helloworld.c:118:21: warning: unused variable 'reg1' [-Wunused-variable]
  unsigned int reg0, reg1, reg2;
                     ^
../src/helloworld.c:118:15: warning: unused variable 'reg0' [-Wunused-variable]
  unsigned int reg0, reg1, reg2;
               ^
src/subdir.mk:27: recipe for target 'src/helloworld.o' failed
../src/helloworld.c:94:26: warning: variable 'time_hw2' set but not used [-Wunused-but-set-variable]
  unsigned long time_hw1, time_hw2;
                          ^
../src/helloworld.c:94:16: warning: variable 'time_hw1' set but not used [-Wunused-but-set-variable]
  unsigned long time_hw1, time_hw2;
                ^
make: *** [src/helloworld.o] Error 1
10:29:53 **** Auto Build of configuration Debug for project sw ****
make all 
Building file: ../src/helloworld.c
Invoking: ARM gcc compiler
arm-xilinx-eabi-gcc -Wall -O0 -g3 -c -fmessage-length=0 -MT"src/helloworld.o" -I../../sw_bsp/ps7_cortexa9_0/include -MMD -MP -MF"src/helloworld.d" -MT"src/helloworld.d" -o "src/helloworld.o" "../src/helloworld.c"
../src/helloworld.c: In function 'main':
../src/helloworld.c:222:3: warning: implicit declaration of function 'usleep' [-Wimplicit-function-declaration]
   usleep(10000);
   ^
../src/helloworld.c:118:21: warning: unused variable 'reg1' [-Wunused-variable]
  unsigned int reg0, reg1, reg2;
                     ^
../src/helloworld.c:118:15: warning: unused variable 'reg0' [-Wunused-variable]
  unsigned int reg0, reg1, reg2;
               ^
../src/helloworld.c:94:26: warning: variable 'time_hw2' set but not used [-Wunused-but-set-variable]
  unsigned long time_hw1, time_hw2;
                          ^
../src/helloworld.c:94:16: warning: variable 'time_hw1' set but not used [-Wunused-but-set-variable]
  unsigned long time_hw1, time_hw2;
                ^
Finished building: ../src/helloworld.c
 
Building target: sw.elf
Invoking: ARM gcc linker
arm-xilinx-eabi-gcc -Wl,-T -Wl,../src/lscript.ld -L../../sw_bsp/ps7_cortexa9_0/lib -o "sw.elf"  ./src/helloworld.o ./src/platform.o ./src/time_utils.o   -Wl,--start-group,-lxil,-lgcc,-lc,--end-group
Finished building target: sw.elf
 
Invoking: ARM Print Size
arm-xilinx-eabi-size sw.elf  |tee "sw.elf.size"
   text	   data	    bss	    dec	    hex	filename
  32872	   1176	  22636	  56684	   dd6c	sw.elf
Finished building: sw.elf.size
 
10:30:04 **** Incremental Build of configuration Debug for project sw ****
make all 
make: Nothing to be done for 'all'.
